MPLINK 4.13, Linker
Linker Map File - Created Thu Apr 26 16:00:35 2018

                                 Section Info
                  Section       Type    Address   Location Size(Bytes)
                ---------  ---------  ---------  ---------  ---------
             _loader_vals    romdata   0x008000    program   0x000008
              high_vector       code   0x008008    program   0x000006
                _code_ver    romdata   0x008010    program   0x000006
               low_vector       code   0x008018    program   0x000006
             _startup_scn       code   0x008030    program   0x00000c
                   .cinit    romdata   0x00803c    program   0x00004a
     .code_SysBluetooth.o       code   0x008086    program   0x00247e
       .code_AppBattest.o       code   0x00a504    program   0x001104
       .code_SysDisplay.o       code   0x00b608    program   0x000a86
  .romdata_DatFont12x16.o    romdata   0x00c08e    program   0x000918
      .code_AppCalibrat.o       code   0x00c9a6    program   0x000802
         .code_SelfTest.o       code   0x00d1a8    program   0x000632
       .code_AppStartUp.o       code   0x00d7da    program   0x000620
.code_DrvUsart_18F67J10.o       code   0x00ddfa    program   0x00060a
      .code_AppBatQuest.o       code   0x00e404    program   0x0005b4
   .romdata_DatFont6x16.o    romdata   0x00e9b8    program   0x000474
    .romdata_AppCurvePN.o    romdata   0x00ee2c    program   0x00044a
  .romdata_SysBluetooth.o    romdata   0x00f276    program   0x00042a
          .code_AppMain.o       code   0x00f6a0    program   0x000418
       .code_AppUtility.o       code   0x00fab8    program   0x0003a2
.code_DrvLCD_OPTO1140GG.o       code   0x00fe5a    program   0x00036a
                     PROG       code   0x0101c4    program   0x00033a
           .code_DrvCca.o       code   0x0104fe    program   0x00030e
     .code_SysCalibrate.o       code   0x01080c    program   0x0002ec
.romdata_DatDictStandard.o    romdata   0x010af8    program   0x0002e8
  .code_DrvInt_18F67J10.o       code   0x010de0    program   0x0002be
.code_DrvEeprom_25AA320.o       code   0x01109e    program   0x0002ba
  .romdata_DatDictAsian.o    romdata   0x011358    program   0x0002b2
                   STRING       code   0x01160a    program   0x00025a
       .code_SysVoltage.o       code   0x011864    program   0x00025a
.code_DrvTimer_18F67J10.o       code   0x011abe    program   0x000212
    .romdata_SysGraphic.o    romdata   0x011cd0    program   0x000200
     .code_AppBluetooth.o       code   0x011ed0    program   0x000200
    .romdata_SysFont6x8.o    romdata   0x0120d0    program   0x0001e0
         .code_AppError.o       code   0x0122b0    program   0x000114
        .code_AppStates.o       code   0x0123c4    program   0x0000ae
               _cinit_scn       code   0x012472    program   0x00009e
  .code_DrvAdc_18F67J10.o       code   0x012510    program   0x00009c
       .code_SysGraphic.o       code   0x0125ac    program   0x000094
             .stringtable    romdata   0x012640    program   0x00006e
           .code_DrvKey.o       code   0x0126ae    program   0x000062
  .code_DrvSsp_18F67J10.o       code   0x012710    program   0x000040
             D10KTCYXCODE       code   0x012750    program   0x000036
   .code_DrvConfigBoard.o       code   0x012786    program   0x00002e
      .romdata_SelfTest.o    romdata   0x0127b4    program   0x000021
    .romdata_SysVoltage.o    romdata   0x0127d5    program   0x000000
        .romdata_DrvKey.o    romdata   0x0127d5    program   0x000000
    .idata_SysVoltage.o_i    romdata   0x0127d5    program   0x000000
.idata_DrvTimer_18F67J10.o_i    romdata   0x0127d5    program   0x000000
.romdata_DrvTimer_18F67J10.o    romdata   0x0127d5    program   0x000000
    .idata_SysGraphic.o_i    romdata   0x0127d5    program   0x000000
.idata_DrvUsart_18F67J10.o_i    romdata   0x0127d5    program   0x000000
.romdata_DrvUsart_18F67J10.o    romdata   0x0127d5    program   0x000000
   .idata_DatFont6x16.o_i    romdata   0x0127d5    program   0x000000
.idata_DrvLCD_OPTO1140GG.o_i    romdata   0x0127d5    program   0x000000
.romdata_DrvLCD_OPTO1140GG.o    romdata   0x0127d5    program   0x000000
  .idata_DatFont12x16.o_i    romdata   0x0127d5    program   0x000000
.idata_DrvSsp_18F67J10.o_i    romdata   0x0127d5    program   0x000000
.romdata_DrvSsp_18F67J10.o    romdata   0x0127d5    program   0x000000
    .idata_SysFont6x8.o_i    romdata   0x0127d5    program   0x000000
.idata_DrvEeprom_25AA320.o_i    romdata   0x0127d5    program   0x000000
.romdata_DrvEeprom_25AA320.o    romdata   0x0127d5    program   0x000000
.idata_DatDictStandard.o_i    romdata   0x0127d5    program   0x000000
    .idata_DrvPan1026.o_i    romdata   0x0127d5    program   0x000000
    .romdata_DrvPan1026.o    romdata   0x0127d5    program   0x000000
.idata_DrvInt_18F67J10.o_i    romdata   0x0127d5    program   0x000000
.romdata_DrvInt_18F67J10.o    romdata   0x0127d5    program   0x000000
  .idata_DatDictAsian.o_i    romdata   0x0127d5    program   0x000000
  .romdata_SysCalibrate.o    romdata   0x0127d5    program   0x000000
  .idata_SysCalibrate.o_i    romdata   0x0127d5    program   0x000000
    .idata_SysDisplay.o_i    romdata   0x0127d5    program   0x000000
     .romdata_AppEEData.o    romdata   0x0127d5    program   0x000000
     .idata_AppEEData.o_i    romdata   0x0127d5    program   0x000000
   .romdata_AppBatQuest.o    romdata   0x0127d5    program   0x000000
   .idata_AppBatQuest.o_i    romdata   0x0127d5    program   0x000000
    .romdata_AppBattest.o    romdata   0x0127d5    program   0x000000
  .romdata_AppBluetooth.o    romdata   0x0127d5    program   0x000000
    .romdata_AppStartUp.o    romdata   0x0127d5    program   0x000000
   .romdata_AppCalibrat.o    romdata   0x0127d5    program   0x000000
   .idata_AppCalibrat.o_i    romdata   0x0127d5    program   0x000000
      .romdata_AppError.o    romdata   0x0127d5    program   0x000000
      .idata_AppError.o_i    romdata   0x0127d5    program   0x000000
       .romdata_AppData.o    romdata   0x0127d5    program   0x000000
     .romdata_AppStates.o    romdata   0x0127d5    program   0x000000
     .idata_AppStates.o_i    romdata   0x0127d5    program   0x000000
    .romdata_AppUtility.o    romdata   0x0127d5    program   0x000000
    .idata_AppUtility.o_i    romdata   0x0127d5    program   0x000000
    .idata_AppCurvePN.o_i    romdata   0x0127d5    program   0x000000
       .romdata_AppMain.o    romdata   0x0127d5    program   0x000000
       .idata_AppMain.o_i    romdata   0x0127d5    program   0x000000
        .romdata_c018_e.o    romdata   0x0127d5    program   0x000000
        .idata_c018_e.o_i    romdata   0x0127d5    program   0x000000
        .romdata_DrvCca.o    romdata   0x0127d5    program   0x000000
    .idata_DrvMdxP600.o_i    romdata   0x0127d5    program   0x000000
        .idata_DrvCca.o_i    romdata   0x0127d5    program   0x000000
    .romdata_DrvMdxP600.o    romdata   0x0127d5    program   0x000000
       .idata_DrvLoad.o_i    romdata   0x0127d5    program   0x000000
       .romdata_DrvLoad.o    romdata   0x0127d5    program   0x000000
.idata_DrvConfigBoard.o_i    romdata   0x0127d5    program   0x000000
.romdata_DrvConfigBoard.o    romdata   0x0127d5    program   0x000000
.idata_DrvAdc_18F67J10.o_i    romdata   0x0127d5    program   0x000000
.romdata_DrvAdc_18F67J10.o    romdata   0x0127d5    program   0x000000
        .idata_DrvKey.o_i    romdata   0x0127d5    program   0x000000
     .code_DatFont12x16.o       code   0x0127d6    program   0x000000
       .code_AppCurvePN.o       code   0x0127d6    program   0x000000
  .code_DatDictStandard.o       code   0x0127d6    program   0x000000
     .code_DatDictAsian.o       code   0x0127d6    program   0x000000
      .code_DatFont6x16.o       code   0x0127d6    program   0x000000
          .code_AppData.o       code   0x0127d6    program   0x000000
           .code_c018_e.o       code   0x0127d6    program   0x000000
       .code_SysFont6x8.o       code   0x0127d6    program   0x000000
        .code_AppEEData.o       code   0x0127d6    program   0x000000
       .code_DrvPan1026.o       code   0x0127d6    program   0x000020
    .romdata_SysDisplay.o    romdata   0x0127f6    program   0x000018
          .code_DrvLoad.o       code   0x01280e    program   0x00000e
                    .code       code   0x01281c    program   0x00000e
       .code_DrvMdxP600.o       code   0x01282a    program   0x000004
  .idata_SysBluetooth.o_i    romdata   0x01282e    program   0x000026
      .idata_SelfTest.o_i    romdata   0x012854    program   0x00008c
    .idata_AppStartUp.o_i    romdata   0x0128e0    program   0x000034
       .idata_AppData.o_i    romdata   0x012914    program   0x000023
  .idata_AppBluetooth.o_i    romdata   0x012937    program   0x000006
    .idata_AppBattest.o_i    romdata   0x01293d    program   0x000018
             EE_RESERVED1    romdata   0x600000    program   0x000010
            EECAL_FACTORS    romdata   0x600040    program   0x00000e
             EE_GlobalFlg    romdata   0x600058    program   0x000001
               EE_AppData    romdata   0x600060    program   0x000004
               EE_AppSNum    romdata   0x600070    program   0x00000b
           EE_BatteryData    romdata   0x600100    program   0x000014
            EE_BoolthData    romdata   0x600300    program   0x0000e6
                EE_EEDATA    romdata   0x600600    program   0x0009f0
             EE_RESERVED2    romdata   0x600ff0    program   0x000010
    .idata_SysBluetooth.o      idata   0x000000       data   0x000026
    .udata_SysBluetooth.o      udata   0x000026       data   0x000023
     .udata_AppCalibrat.o      udata   0x000049       data   0x000010
                MATH_DATA      udata   0x000059       data   0x000004
      .udata_AppBattest.o      udata   0x00005d       data   0x000002
                DELAYDAT2      udata   0x00005f       data   0x000001
      .idata_AppBattest.o      idata   0x000060       data   0x000018
.udata_DrvTimer_18F67J10.o      udata   0x000078       data   0x00000d
                 .tmpdata      udata   0x000085       data   0x00000c
          .udata_c018_e.o      udata   0x000091       data   0x00000a
          .udata_DrvKey.o      udata   0x00009b       data   0x000004
         .udata_AppMain.o      udata   0x000100       data   0x0000c9
      .idata_AppStartUp.o      idata   0x0001c9       data   0x000034
      .udata_AppStartUp.o      udata   0x0001fd       data   0x000001
      .udata_SysGraphic.o      udata   0x0001fe       data   0x000000
      .idata_SysVoltage.o      idata   0x0001fe       data   0x000000
      .udata_SysVoltage.o      udata   0x0001fe       data   0x000000
         .idata_AppMain.o      idata   0x0001fe       data   0x000000
 .idata_DrvInt_18F67J10.o      idata   0x0001fe       data   0x000000
 .udata_DrvInt_18F67J10.o      udata   0x0001fe       data   0x000000
      .idata_DrvPan1026.o      idata   0x0001fe       data   0x000000
      .udata_DrvPan1026.o      udata   0x0001fe       data   0x000000
.idata_DrvEeprom_25AA320.o      idata   0x0001fe       data   0x000000
.udata_DrvEeprom_25AA320.o      udata   0x0001fe       data   0x000000
 .idata_DrvSsp_18F67J10.o      idata   0x0001fe       data   0x000000
 .udata_DrvSsp_18F67J10.o      udata   0x0001fe       data   0x000000
.idata_DrvLCD_OPTO1140GG.o      idata   0x0001fe       data   0x000000
.udata_DrvLCD_OPTO1140GG.o      udata   0x0001fe       data   0x000000
.idata_DrvUsart_18F67J10.o      idata   0x0001fe       data   0x000000
      .idata_SysGraphic.o      idata   0x0001fe       data   0x000000
      .udata_SysFont6x8.o      udata   0x0001fe       data   0x000000
      .idata_SysFont6x8.o      idata   0x0001fe       data   0x000000
      .udata_SysDisplay.o      udata   0x0001fe       data   0x000000
      .idata_SysDisplay.o      idata   0x0001fe       data   0x000000
    .udata_SysCalibrate.o      udata   0x0001fe       data   0x000000
    .idata_SysCalibrate.o      idata   0x0001fe       data   0x000000
    .udata_DatDictAsian.o      udata   0x0001fe       data   0x000000
    .idata_DatDictAsian.o      idata   0x0001fe       data   0x000000
 .udata_DatDictStandard.o      udata   0x0001fe       data   0x000000
 .idata_DatDictStandard.o      idata   0x0001fe       data   0x000000
    .udata_DatFont12x16.o      udata   0x0001fe       data   0x000000
    .idata_DatFont12x16.o      idata   0x0001fe       data   0x000000
     .udata_DatFont6x16.o      udata   0x0001fe       data   0x000000
     .idata_DatFont6x16.o      idata   0x0001fe       data   0x000000
          .idata_c018_e.o      idata   0x0001fe       data   0x000000
        .udata_AppError.o      udata   0x0001fe       data   0x000000
        .idata_AppError.o      idata   0x0001fe       data   0x000000
      .idata_AppUtility.o      idata   0x0001fe       data   0x000000
     .idata_AppCalibrat.o      idata   0x0001fe       data   0x000000
      .udata_AppUtility.o      udata   0x0001fe       data   0x000000
      .idata_AppCurvePN.o      idata   0x0001fe       data   0x000000
     .udata_AppBatQuest.o      udata   0x0001fe       data   0x000000
     .idata_AppBatQuest.o      idata   0x0001fe       data   0x000000
       .udata_AppEEData.o      udata   0x0001fe       data   0x000000
       .idata_AppEEData.o      idata   0x0001fe       data   0x000000
       .idata_AppStates.o      idata   0x0001fe       data   0x000000
          .idata_DrvCca.o      idata   0x0001fe       data   0x000000
      .udata_DrvMdxP600.o      udata   0x0001fe       data   0x000000
      .idata_DrvMdxP600.o      idata   0x0001fe       data   0x000000
       .udata_AppStates.o      udata   0x0001fe       data   0x000000
         .udata_DrvLoad.o      udata   0x0001fe       data   0x000000
         .idata_DrvLoad.o      idata   0x0001fe       data   0x000000
  .udata_DrvConfigBoard.o      udata   0x0001fe       data   0x000000
  .idata_DrvConfigBoard.o      idata   0x0001fe       data   0x000000
 .udata_DrvAdc_18F67J10.o      udata   0x0001fe       data   0x000000
 .idata_DrvAdc_18F67J10.o      idata   0x0001fe       data   0x000000
      .udata_AppCurvePN.o      udata   0x0001fe       data   0x000000
          .idata_DrvKey.o      idata   0x0001fe       data   0x000000
.idata_DrvTimer_18F67J10.o      idata   0x0001fe       data   0x000000
         .udata_AppData.o      udata   0x000a00       data   0x000173
        .idata_SelfTest.o      idata   0x000b73       data   0x00008c
                DELAYDAT1      udata   0x000bff       data   0x000001
                   .stack      udata   0x000d00       data   0x000100
             GlobalBuffer      udata   0x000e00       data   0x0000de
.udata_DrvUsart_18F67J10.o      udata   0x000ede       data   0x000010
    .idata_AppBluetooth.o      idata   0x000eee       data   0x000006
         .idata_AppData.o      idata   0x000f00       data   0x000023
          .udata_DrvCca.o      udata   0x000f23       data   0x000022
    .udata_AppBluetooth.o      udata   0x000f45       data   0x00001a
        .udata_SelfTest.o      udata   0x000f5f       data   0x000001
            SFR_UNBANKED0      udata   0x000f62       data   0x00009e



                              Program Memory Usage 
                               Start         End      
                           ---------   ---------      
                            0x008000    0x00800d      
                            0x008010    0x008015      
                            0x008018    0x00801d      
                            0x008030    0x0127d4      
                            0x0127d6    0x012954      
                            0x600000    0x60000f      
                            0x600040    0x60004d      
                            0x600058    0x600058      
                            0x600060    0x600063      
                            0x600070    0x60007a      
                            0x600100    0x600113      
                            0x600300    0x6003e5      
                            0x600600    0x600fff      
            46182 out of 102298 program addresses used, program memory utilization is 45%



                              Symbols - Sorted by Name
                     Name    Address   Location    Storage File                     
                ---------  ---------  ---------  --------- ---------                
             AppBatNumber   0x00e7c6    program     extern C:\CBT\CBT-350 Development\Applications\Standard\AppBatQuest.c
       AppCheckSerialPort   0x00e11a    program     extern C:\CBT\CBT-350 Development\Drivers\Standard\DrvUsart_18F67J10.c
        AppCommissionTool   0x00cef2    program     extern C:\CBT\CBT-350 Development\Applications\Standard\AppCalibrat.c
       AppControlIputInit   0x00dc8c    program     extern C:\CBT\CBT-350 Development\Applications\Standard\AppStartUp.c
         AppControlStatus   0x00bec0    program     extern C:\CBT\CBT-350 Development\System\Standard\SysDisplay.c
                  AppInit   0x00f6a0    program     extern C:\CBT\CBT-350 Development\Applications\Standard\AppMain.c
                  AppMain   0x00f7fa    program     extern C:\CBT\CBT-350 Development\Applications\Standard\AppMain.c
          BTAdjustAddress   0x00f5ab    program     extern C:\CBT\CBT-350 Development\System\Standard\SysBluetooth.c
            BTClearBuffer   0x00f618    program     extern C:\CBT\CBT-350 Development\System\Standard\SysBluetooth.c
                BTConDone   0x00f602    program     extern C:\CBT\CBT-350 Development\System\Standard\SysBluetooth.c
             BTConnAccept   0x00f5d5    program     extern C:\CBT\CBT-350 Development\System\Standard\SysBluetooth.c
        BTConnectComplete   0x00f673    program     extern C:\CBT\CBT-350 Development\System\Standard\SysBluetooth.c
             BTConnecting   0x00f5f4    program     extern C:\CBT\CBT-350 Development\System\Standard\SysBluetooth.c
             BTDisConnect   0x00f60e    program     extern C:\CBT\CBT-350 Development\System\Standard\SysBluetooth.c
             BTDisconnect   0x00f649    program     extern C:\CBT\CBT-350 Development\System\Standard\SysBluetooth.c
               BTPairChar   0x00f5e4    program     extern C:\CBT\CBT-350 Development\System\Standard\SysBluetooth.c
             BTPleaseWait   0x00f5ba    program     extern C:\CBT\CBT-350 Development\System\Standard\SysBluetooth.c
              BTReadyChar   0x00f5b1    program     extern C:\CBT\CBT-350 Development\System\Standard\SysBluetooth.c
          BTRecievingConn   0x00f5c6    program     extern C:\CBT\CBT-350 Development\System\Standard\SysBluetooth.c
         BTRecivedLinkKey   0x00f638    program     extern C:\CBT\CBT-350 Development\System\Standard\SysBluetooth.c
          BTRemoteCapsRec   0x00f628    program     extern C:\CBT\CBT-350 Development\System\Standard\SysBluetooth.c
          BTSPPConnecting   0x00f654    program     extern C:\CBT\CBT-350 Development\System\Standard\SysBluetooth.c
        BTSPPSendDataDone   0x00f663    program     extern C:\CBT\CBT-350 Development\System\Standard\SysBluetooth.c
               BTSendData   0x011ed0    program     extern C:\CBT\CBT-350 Development\Applications\Standard\AppBluetooth.c
              BTTestState   0x00d716    program     extern C:\CBT\CBT-350 Development\Applications\Standard\SelfTest.c
   BatteryConductanceTest   0x00b138    program     extern C:\CBT\CBT-350 Development\Applications\Standard\AppBattest.c
       BatteryRatingState   0x00e516    program     extern C:\CBT\CBT-350 Development\Applications\Standard\AppBatQuest.c
    BatterySendDataFinish   0x00f690    program     extern C:\CBT\CBT-350 Development\System\Standard\SysBluetooth.c
       BatteryTestInitial   0x00f680    program     extern C:\CBT\CBT-350 Development\System\Standard\SysBluetooth.c
         BatteryTestState   0x00a504    program     extern C:\CBT\CBT-350 Development\Applications\Standard\AppBattest.c
         BatteryTypeState   0x00e640    program     extern C:\CBT\CBT-350 Development\Applications\Standard\AppBatQuest.c
           BlueToothState   0x011fbc    program     extern C:\CBT\CBT-350 Development\Applications\Standard\AppBluetooth.c
    BlueToothStatemachine   0x008086    program     extern C:\CBT\CBT-350 Development\System\Standard\SysBluetooth.c
       CalFactorsCheckSum   0x00fb2c    program     extern C:\CBT\CBT-350 Development\Applications\Standard\AppUtility.c
                 CalState   0x00c9a6    program     extern C:\CBT\CBT-350 Development\Applications\Standard\AppCalibrat.c
          CheckConnection   0x0122b0    program     extern C:\CBT\CBT-350 Development\Applications\Standard\AppError.c
             Clear_Screen   0x00ff2a    program     extern C:\CBT\CBT-350 Development\Drivers\Standard\DrvLCD_OPTO1140GG.c
                    Curve   0x00ee2c    program     extern C:\CBT\CBT-350 Development\Applications\Standard\AppCurvePN.c
                   D10K_1   0x012760    program     static C:\MCC18\SRC\EXTENDED\DELAYS\d10ktcyx.asm
                    D10Kl   0x01276e    program     static C:\MCC18\SRC\EXTENDED\DELAYS\d10ktcyx.asm
                    D10Kx   0x01275c    program     static C:\MCC18\SRC\EXTENDED\DELAYS\d10ktcyx.asm
                   D3232S   0x01028c    program     static C:\MCC18\SRC\EXTENDED\MATH\div32s.asm
                D3232SNEG   0x01029a    program     static C:\MCC18\SRC\EXTENDED\MATH\div32s.asm
                 D3232SOK   0x010296    program     static C:\MCC18\SRC\EXTENDED\MATH\div32s.asm
                D3232SPOS   0x0102b8    program     static C:\MCC18\SRC\EXTENDED\MATH\div32s.asm
                  D3232SX   0x0102ee    program     static C:\MCC18\SRC\EXTENDED\MATH\div32s.asm
                  DA3232S   0x010276    program     static C:\MCC18\SRC\EXTENDED\MATH\div32s.asm
           DOWN_ARROW_8X8   0x0127fe    program     extern C:\CBT\CBT-350 Development\System\Standard\SysDisplay.c
             Delay10KTCYx   0x012750    program     extern C:\MCC18\SRC\EXTENDED\DELAYS\d10ktcyx.asm
                 DelayXms   0x00fe98    program     extern C:\CBT\CBT-350 Development\Drivers\Standard\DrvLCD_OPTO1140GG.c
                 DelayXus   0x00fe68    program     extern C:\CBT\CBT-350 Development\Drivers\Standard\DrvLCD_OPTO1140GG.c
         DictAsianStrings   0x0113be    program     extern C:\CBT\CBT-350 Development\Data\Standard\DatDictAsian.c
            DictSCOffsets   0x011358    program     extern C:\CBT\CBT-350 Development\Data\Standard\DatDictAsian.c
      DictStandardStrings   0x010b5e    program     extern C:\CBT\CBT-350 Development\Data\Standard\DatDictStandard.c
            DictUsOffsets   0x010af8    program     extern C:\CBT\CBT-350 Development\Data\Standard\DatDictStandard.c
          DisplayBatJISNB   0x00e404    program     extern C:\CBT\CBT-350 Development\Applications\Standard\AppBatQuest.c
     DisplayControlString   0x00dcc2    program     extern C:\CBT\CBT-350 Development\Applications\Standard\AppStartUp.c
          DisplayLanguage   0x00d9b8    program     extern C:\CBT\CBT-350 Development\Applications\Standard\AppStartUp.c
            DisplayRating   0x00e498    program     extern C:\CBT\CBT-350 Development\Applications\Standard\AppBatQuest.c
            DisplayRePair   0x011f8e    program     extern C:\CBT\CBT-350 Development\Applications\Standard\AppBluetooth.c
          DisplayString_S   0x00bda0    program     extern C:\CBT\CBT-350 Development\System\Standard\SysDisplay.c
              DisplayType   0x00e4e8    program     extern C:\CBT\CBT-350 Development\Applications\Standard\AppBatQuest.c
    Display_Graphic_12X16   0x0100de    program     extern C:\CBT\CBT-350 Development\Drivers\Standard\DrvLCD_OPTO1140GG.c
     Display_Graphic_6X16   0x010078    program     extern C:\CBT\CBT-350 Development\Drivers\Standard\DrvLCD_OPTO1140GG.c
      Display_Graphic_6X8   0x01012e    program     extern C:\CBT\CBT-350 Development\Drivers\Standard\DrvLCD_OPTO1140GG.c
      Display_Graphic_8X8   0x010036    program     extern C:\CBT\CBT-350 Development\Drivers\Standard\DrvLCD_OPTO1140GG.c
               DrvAdcInit   0x012510    program     extern C:\CBT\CBT-350 Development\Drivers\Standard\DrvAdc_18F67J10.c
               DrvAdcRead   0x012568    program     extern C:\CBT\CBT-350 Development\Drivers\Standard\DrvAdc_18F67J10.c
            DrvCBT300Init   0x01282a    program     extern C:\CBT\CBT-350 Development\Drivers\Standard\DrvMdxP600.c
                DrvCcaIsr   0x0104fe    program     extern C:\CBT\CBT-350 Development\Drivers\Standard\DrvCca.c
              DrvCcaStart   0x010796    program     extern C:\CBT\CBT-350 Development\Drivers\Standard\DrvCca.c
               DrvCcaStop   0x0107fc    program     extern C:\CBT\CBT-350 Development\Drivers\Standard\DrvCca.c
        DrvConfigBoardGet   0x01278e    program     extern C:\CBT\CBT-350 Development\Drivers\Standard\DrvConfigBoard.c
       DrvConfigBoardInit   0x012786    program     extern C:\CBT\CBT-350 Development\Drivers\Standard\DrvConfigBoard.c
            DrvEepromInit   0x01115a    program     extern C:\CBT\CBT-350 Development\Drivers\Standard\DrvEeprom_25AA320.c
            DrvEepromRead   0x011170    program     extern C:\CBT\CBT-350 Development\Drivers\Standard\DrvEeprom_25AA320.c
          DrvEepromVerify   0x0111f6    program     extern C:\CBT\CBT-350 Development\Drivers\Standard\DrvEeprom_25AA320.c
           DrvEepromWrite   0x01127e    program     extern C:\CBT\CBT-350 Development\Drivers\Standard\DrvEeprom_25AA320.c
  DrvEepromWriteAndVerify   0x011310    program     extern C:\CBT\CBT-350 Development\Drivers\Standard\DrvEeprom_25AA320.c
          DrvEnableTimer1   0x011c9e    program     extern C:\CBT\CBT-350 Development\Drivers\Standard\DrvTimer_18F67J10.c
             DrvIntEnable   0x010ff6    program     extern C:\CBT\CBT-350 Development\Drivers\Standard\DrvInt_18F67J10.c
               DrvIntInit   0x010fae    program     extern C:\CBT\CBT-350 Development\Drivers\Standard\DrvInt_18F67J10.c
            DrvIntIsrHigh   0x010de0    program     extern C:\CBT\CBT-350 Development\Drivers\Standard\DrvInt_18F67J10.c
             DrvIntIsrLow   0x010ea4    program     extern C:\CBT\CBT-350 Development\Drivers\Standard\DrvInt_18F67J10.c
         DrvIntVectorHigh   0x008008    program     extern C:\CBT\CBT-350 Development\Drivers\Standard\DrvInt_18F67J10.c
          DrvIntVectorLow   0x008018    program     extern C:\CBT\CBT-350 Development\Drivers\Standard\DrvInt_18F67J10.c
               DrvKeyInit   0x0126ae    program     extern C:\CBT\CBT-350 Development\Drivers\Standard\DrvKey.c
              DrvLoadInit   0x01280e    program     extern C:\CBT\CBT-350 Development\Drivers\Standard\DrvLoad.c
               DrvLoadOff   0x012818    program     extern C:\CBT\CBT-350 Development\Drivers\Standard\DrvLoad.c
                DrvLoadOn   0x012814    program     extern C:\CBT\CBT-350 Development\Drivers\Standard\DrvLoad.c
           DrvPan1026Init   0x0127d6    program     extern C:\CBT\CBT-350 Development\Drivers\Standard\DrvPan1026.c
            DrvPan1026Off   0x0127f0    program     extern C:\CBT\CBT-350 Development\Drivers\Standard\DrvPan1026.c
   DrvSsp1InitAsSpiMaster   0x012710    program     extern C:\CBT\CBT-350 Development\Drivers\Standard\DrvSsp_18F67J10.c
           DrvSsp1SpiRead   0x012746    program     extern C:\CBT\CBT-350 Development\Drivers\Standard\DrvSsp_18F67J10.c
          DrvSsp1SpiWrite   0x012724    program     extern C:\CBT\CBT-350 Development\Drivers\Standard\DrvSsp_18F67J10.c
     DrvTimer0CounterDone   0x011c1a    program     extern C:\CBT\CBT-350 Development\Drivers\Standard\DrvTimer_18F67J10.c
            DrvTimer0Init   0x011abe    program     extern C:\CBT\CBT-350 Development\Drivers\Standard\DrvTimer_18F67J10.c
             DrvTimer0Isr   0x011afc    program     extern C:\CBT\CBT-350 Development\Drivers\Standard\DrvTimer_18F67J10.c
           DrvTimer0Reset   0x011b56    program     extern C:\CBT\CBT-350 Development\Drivers\Standard\DrvTimer_18F67J10.c
      DrvTimer0SetCounter   0x011b60    program     extern C:\CBT\CBT-350 Development\Drivers\Standard\DrvTimer_18F67J10.c
            DrvTimer1Init   0x011c8a    program     extern C:\CBT\CBT-350 Development\Drivers\Standard\DrvTimer_18F67J10.c
            DrvTimer2Init   0x011cb0    program     extern C:\CBT\CBT-350 Development\Drivers\Standard\DrvTimer_18F67J10.c
             DrvTimer2Isr   0x011ccc    program     extern C:\CBT\CBT-350 Development\Drivers\Standard\DrvTimer_18F67J10.c
             DrvUsart1Isr   0x00e328    program     extern C:\CBT\CBT-350 Development\Drivers\Standard\DrvUsart_18F67J10.c
DrvUsart2GetMessageLength   0x00e102    program     extern C:\CBT\CBT-350 Development\Drivers\Standard\DrvUsart_18F67J10.c
             DrvUsart2Isr   0x00e394    program     extern C:\CBT\CBT-350 Development\Drivers\Standard\DrvUsart_18F67J10.c
            DrvUsart2Read   0x00e040    program     extern C:\CBT\CBT-350 Development\Drivers\Standard\DrvUsart_18F67J10.c
        DrvUsartByteReady   0x00e1e4    program     extern C:\CBT\CBT-350 Development\Drivers\Standard\DrvUsart_18F67J10.c
          DrvUsartDisable   0x00df22    program     extern C:\CBT\CBT-350 Development\Drivers\Standard\DrvUsart_18F67J10.c
DrvUsartGetNumberOfBytesAvailable   0x00e0ac    program     extern C:\CBT\CBT-350 Development\Drivers\Standard\DrvUsart_18F67J10.c
        DrvUsartGetStatus   0x00e00c    program     extern C:\CBT\CBT-350 Development\Drivers\Standard\DrvUsart_18F67J10.c
             DrvUsartInit   0x00ded6    program     extern C:\CBT\CBT-350 Development\Drivers\Standard\DrvUsart_18F67J10.c
        DrvUsartLastError   0x00e300    program     extern C:\CBT\CBT-350 Development\Drivers\Standard\DrvUsart_18F67J10.c
         DrvUsartReadByte   0x00e234    program     extern C:\CBT\CBT-350 Development\Drivers\Standard\DrvUsart_18F67J10.c
            DrvUsartReset   0x00df6c    program     extern C:\CBT\CBT-350 Development\Drivers\Standard\DrvUsart_18F67J10.c
         DrvUsartSendByte   0x00dfa0    program     extern C:\CBT\CBT-350 Development\Drivers\Standard\DrvUsart_18F67J10.c
         DrvUsartSendData   0x00dfd4    program     extern C:\CBT\CBT-350 Development\Drivers\Standard\DrvUsart_18F67J10.c
                EEAppData   0x600060    program     extern C:\CBT\CBT-350 Development\Applications\Standard\AppEEData.c
           EEAppGlobalFlg   0x600058    program     extern C:\CBT\CBT-350 Development\Applications\Standard\AppEEData.c
           EEBTRemoteData   0x600300    program     extern C:\CBT\CBT-350 Development\Applications\Standard\AppEEData.c
                EEBattery   0x600100    program     extern C:\CBT\CBT-350 Development\Applications\Standard\AppEEData.c
              EECalFactor   0x600040    program     extern C:\CBT\CBT-350 Development\Applications\Standard\AppEEData.c
       EESerialNumberData   0x600070    program     extern C:\CBT\CBT-350 Development\Applications\Standard\AppEEData.c
             EESpareBlock   0x600600    program     extern C:\CBT\CBT-350 Development\Applications\Standard\AppEEData.c
          ENTER_ARROW_8X8   0x012806    program     extern C:\CBT\CBT-350 Development\System\Standard\SysDisplay.c
         EepromReadStatus   0x01109e    program     extern C:\CBT\CBT-350 Development\Drivers\Standard\DrvEeprom_25AA320.c
EepromWaitForWriteCompletion   0x0110d6    program     extern C:\CBT\CBT-350 Development\Drivers\Standard\DrvEeprom_25AA320.c
       EepromWriteDisable   0x011134    program     extern C:\CBT\CBT-350 Development\Drivers\Standard\DrvEeprom_25AA320.c
        EepromWriteEnable   0x01110c    program     extern C:\CBT\CBT-350 Development\Drivers\Standard\DrvEeprom_25AA320.c
               ErrorCheck   0x00f276    program     extern C:\CBT\CBT-350 Development\System\Standard\SysBluetooth.c
               ErrorState   0x012344    program     extern C:\CBT\CBT-350 Development\Applications\Standard\AppError.c
                Font12x16   0x00c08e    program     extern C:\CBT\CBT-350 Development\Data\Standard\DatFont12x16.c
                 Font6x16   0x00e9b8    program     extern C:\CBT\CBT-350 Development\Data\Standard\DatFont6x16.c
                  Font6x8   0x0120d0    program     extern C:\CBT\CBT-350 Development\System\Standard\SysFont6x8.c
            FormatVoltage   0x00fc4e    program     extern C:\CBT\CBT-350 Development\Applications\Standard\AppUtility.c
              Full_Screen   0x010186    program     extern C:\CBT\CBT-350 Development\Drivers\Standard\DrvLCD_OPTO1140GG.c
          GetCurvePercent   0x00b062    program     extern C:\CBT\CBT-350 Development\Applications\Standard\AppBattest.c
            GetSOHPercent   0x00b2f2    program     extern C:\CBT\CBT-350 Development\Applications\Standard\AppBattest.c
HCI_Encryption_Key_Refresh_Complete_Event   0x00f578    program     extern C:\CBT\CBT-350 Development\System\Standard\SysBluetooth.c
HCI_FIRST_STRING_LUMP_SET   0x00f397    program     extern C:\CBT\CBT-350 Development\System\Standard\SysBluetooth.c
HCI_IO_Capability_Request_Event   0x00f47d    program     extern C:\CBT\CBT-350 Development\System\Standard\SysBluetooth.c
HCI_IO_Capability_Response_Event   0x00f46b    program     extern C:\CBT\CBT-350 Development\System\Standard\SysBluetooth.c
HCI_IO_User_Confirmation_Request_Event   0x00f4c6    program     extern C:\CBT\CBT-350 Development\System\Standard\SysBluetooth.c
HCI_Simple_Pairing_Complete_Cancel_Event   0x00f4fa    program     extern C:\CBT\CBT-350 Development\System\Standard\SysBluetooth.c
HCI_Simple_Pairing_Complete_Event   0x00f4ea    program     extern C:\CBT\CBT-350 Development\System\Standard\SysBluetooth.c
            INCOMING_DATA   0x00f56f    program     extern C:\CBT\CBT-350 Development\System\Standard\SysBluetooth.c
              Initial_LCD   0x00ff68    program     extern C:\CBT\CBT-350 Development\Drivers\Standard\DrvLCD_OPTO1140GG.c
               JISNumbers   0x00f1a4    program     extern C:\CBT\CBT-350 Development\Applications\Standard\AppCurvePN.c
             KeyTestState   0x00d24a    program     extern C:\CBT\CBT-350 Development\Applications\Standard\SelfTest.c
             LCD_Delay1ms   0x00fe5a    program     extern C:\CBT\CBT-350 Development\Drivers\Standard\DrvLCD_OPTO1140GG.c
            LanguageState   0x00d9e6    program     extern C:\CBT\CBT-350 Development\Applications\Standard\AppStartUp.c
             LcdTestState   0x00d340    program     extern C:\CBT\CBT-350 Development\Applications\Standard\SelfTest.c
                  Loader1   0x008004    program     extern C:\CBT\CBT-350 Development\Applications\Standard\c018_e.c
                  Loader2   0x008006    program     extern C:\CBT\CBT-350 Development\Applications\Standard\c018_e.c
                  NewLine   0x00f670    program     extern C:\CBT\CBT-350 Development\System\Standard\SysBluetooth.c
             PowerUpState   0x00d7da    program     extern C:\CBT\CBT-350 Development\Applications\Standard\AppStartUp.c
     ProcessSerialBuffer1   0x00f6d8    program     extern C:\CBT\CBT-350 Development\Applications\Standard\AppMain.c
                  RESTORE   0x01022e    program     static C:\MCC18\SRC\EXTENDED\MATH\div16u.asm
                  RESTORE   0x01038e    program     static C:\MCC18\SRC\EXTENDED\MATH\div32u.asm
                  RESTORE   0x0102e0    program     static C:\MCC18\SRC\EXTENDED\MATH\div32s.asm
              RETQUOTIENT   0x010226    program     static C:\MCC18\SRC\EXTENDED\MATH\div16u.asm
              RETQUOTIENT   0x0102d0    program     static C:\MCC18\SRC\EXTENDED\MATH\div32s.asm
              RETQUOTIENT   0x01037e    program     static C:\MCC18\SRC\EXTENDED\MATH\div32u.asm
                 ReadKeys   0x0126b6    program     extern C:\CBT\CBT-350 Development\Drivers\Standard\DrvKey.c
         ReservedSection1   0x600000    program     extern C:\CBT\CBT-350 Development\Applications\Standard\AppEEData.c
         ReservedSection2   0x600ff0    program     extern C:\CBT\CBT-350 Development\Applications\Standard\AppEEData.c
             RightJustify   0x00fdc4    program     extern C:\CBT\CBT-350 Development\Applications\Standard\AppUtility.c
        RunOperatingState   0x0123c4    program     extern C:\CBT\CBT-350 Development\Applications\Standard\AppStates.c
                  SETSIGN   0x01025c    program     static C:\MCC18\SRC\EXTENDED\MATH\div32s.asm
                 SETUPSTK   0x0102f8    program     static C:\MCC18\SRC\EXTENDED\MATH\div32u.asm
                 SETUPSTK   0x01023c    program     static C:\MCC18\SRC\EXTENDED\MATH\div32s.asm
                 SETUPSTK   0x0101c4    program     static C:\MCC18\SRC\EXTENDED\MATH\div16u.asm
      SelectBluetoothMenu   0x00e72e    program     extern C:\CBT\CBT-350 Development\Applications\Standard\AppBatQuest.c
   SelfTest_SerialBuffer1   0x0127b4    program     extern C:\CBT\CBT-350 Development\Applications\Standard\SelfTest.c
   SelfTest_SerialBuffer2   0x0127be    program     extern C:\CBT\CBT-350 Development\Applications\Standard\SelfTest.c
       SerialNoInputState   0x00daf8    program     extern C:\CBT\CBT-350 Development\Applications\Standard\AppStartUp.c
                StartLogo   0x011cd0    program     extern C:\CBT\CBT-350 Development\System\Standard\SysGraphic.c
            SysBTGetState   0x00a05c    program     extern C:\CBT\CBT-350 Development\System\Standard\SysBluetooth.c
               SysBTReset   0x00a064    program     extern C:\CBT\CBT-350 Development\System\Standard\SysBluetooth.c
            SysBTSendData   0x00a190    program     extern C:\CBT\CBT-350 Development\System\Standard\SysBluetooth.c
            SysBTSetState   0x00a046    program     extern C:\CBT\CBT-350 Development\System\Standard\SysBluetooth.c
            SysBTWrapData   0x00a076    program     extern C:\CBT\CBT-350 Development\System\Standard\SysBluetooth.c
            SysClear_Line   0x00b608    program     extern C:\CBT\CBT-350 Development\System\Standard\SysDisplay.c
          SysClear_Line_S   0x00b66a    program     extern C:\CBT\CBT-350 Development\System\Standard\SysDisplay.c
          SysCommandError   0x010ac6    program     extern C:\CBT\CBT-350 Development\System\Standard\SysCalibrate.c
      SysDisplayLogo128X8   0x00c048    program     extern C:\CBT\CBT-350 Development\System\Standard\SysDisplay.c
         SysDisplayString   0x00bc88    program     extern C:\CBT\CBT-350 Development\System\Standard\SysDisplay.c
       SysDisplayString_W   0x00b6be    program     extern C:\CBT\CBT-350 Development\System\Standard\SysDisplay.c
            SysGetVoltage   0x011a38    program     extern C:\CBT\CBT-350 Development\System\Standard\SysVoltage.c
      SysGraphicStartLogo   0x0125ac    program     extern C:\CBT\CBT-350 Development\System\Standard\SysGraphic.c
    SysInitBlueToothRadio   0x0087c6    program     extern C:\CBT\CBT-350 Development\System\Standard\SysBluetooth.c
        SysMemoryDownLoad   0x0109c0    program     extern C:\CBT\CBT-350 Development\System\Standard\SysCalibrate.c
          SysMemoryUpLoad   0x01086e    program     extern C:\CBT\CBT-350 Development\System\Standard\SysCalibrate.c
SysProcessBluetoothCommand   0x00881e    program     extern C:\CBT\CBT-350 Development\System\Standard\SysBluetooth.c
          SysScaleVoltage   0x011864    program     extern C:\CBT\CBT-350 Development\System\Standard\SysVoltage.c
                SysSendOk   0x010aac    program     extern C:\CBT\CBT-350 Development\System\Standard\SysCalibrate.c
    SysVerifyByteChecksum   0x01080c    program     extern C:\CBT\CBT-350 Development\System\Standard\SysCalibrate.c
    SysWrapperWrapMessage   0x00a43e    program     extern C:\CBT\CBT-350 Development\System\Standard\SysBluetooth.c
    TCU_ACCEPT_SEND_EVENT   0x00f55e    program     extern C:\CBT\CBT-350 Development\System\Standard\SysBluetooth.c
TCU_HCI_GET_FIRMWARE_VERSION_REQ   0x00f286    program     extern C:\CBT\CBT-350 Development\System\Standard\SysBluetooth.c
TCU_HCI_GET_FIRMWARE_VERSION_RESP   0x00f293    program     extern C:\CBT\CBT-350 Development\System\Standard\SysBluetooth.c
TCU_HCI_M2_BTL_EEPROM_WRITE_ENABLE_REQ   0x00f2d0    program     extern C:\CBT\CBT-350 Development\System\Standard\SysBluetooth.c
TCU_HCI_M2_BTL_EEPROM_WRITE_ENABLE_RESP   0x00f2dd    program     extern C:\CBT\CBT-350 Development\System\Standard\SysBluetooth.c
TCU_HCI_M2_BTL_SET_I2C_ENABLE_REQ   0x00f2b4    program     extern C:\CBT\CBT-350 Development\System\Standard\SysBluetooth.c
TCU_HCI_M2_BTL_SET_I2C_ENABLE_RESP   0x00f2c3    program     extern C:\CBT\CBT-350 Development\System\Standard\SysBluetooth.c
TCU_HCI_M2_GENERAL_READ_EEPROM_REQ   0x00f2ea    program     extern C:\CBT\CBT-350 Development\System\Standard\SysBluetooth.c
TCU_HCI_M2_GENERAL_READ_EEPROM_RESP   0x00f2fe    program     extern C:\CBT\CBT-350 Development\System\Standard\SysBluetooth.c
TCU_HCI_M2_GENERAL_WRITE_EEPROM_REQ   0x00f584    program     extern C:\CBT\CBT-350 Development\System\Standard\SysBluetooth.c
TCU_HCI_M2_GENERAL_WRITE_EEPROM_RESP   0x00f59e    program     extern C:\CBT\CBT-350 Development\System\Standard\SysBluetooth.c
        TCU_HCI_RESET_REQ   0x00f27b    program     extern C:\CBT\CBT-350 Development\System\Standard\SysBluetooth.c
       TCU_HCI_RESET_RESP   0x00f27f    program     extern C:\CBT\CBT-350 Development\System\Standard\SysBluetooth.c
     TCU_HCI_SET_MODE_REQ   0x00f323    program     extern C:\CBT\CBT-350 Development\System\Standard\SysBluetooth.c
    TCU_HCI_SET_MODE_RESP   0x00f32a    program     extern C:\CBT\CBT-350 Development\System\Standard\SysBluetooth.c
TCU_HCI_WRITE_BD_ADDR_REQ   0x00f312    program     extern C:\CBT\CBT-350 Development\System\Standard\SysBluetooth.c
TCU_HCI_WRITE_BD_ADDR_RESP   0x00f31c    program     extern C:\CBT\CBT-350 Development\System\Standard\SysBluetooth.c
TCU_MNG_CONNECTION_ACCEPT_REQ   0x00f428    program     extern C:\CBT\CBT-350 Development\System\Standard\SysBluetooth.c
TCU_MNG_CONNECTION_ACCEPT_REQUEST_EVENT   0x00f421    program     extern C:\CBT\CBT-350 Development\System\Standard\SysBluetooth.c
TCU_MNG_CONNECTION_ACCEPT_REQ_LINK_KEY   0x00f437    program     extern C:\CBT\CBT-350 Development\System\Standard\SysBluetooth.c
TCU_MNG_CONNECTION_ACCEPT_RESP   0x00f446    program     extern C:\CBT\CBT-350 Development\System\Standard\SysBluetooth.c
TCU_MNG_CONNECTION_STATUS_EVENT   0x00f3f5    program     extern C:\CBT\CBT-350 Development\System\Standard\SysBluetooth.c
TCU_MNG_CONNECTION_STATUS_EVENT2   0x00f404    program     extern C:\CBT\CBT-350 Development\System\Standard\SysBluetooth.c
TCU_MNG_CONNECTION_STATUS_EVENT3   0x00f50a    program     extern C:\CBT\CBT-350 Development\System\Standard\SysBluetooth.c
TCU_MNG_DISCOVER_REMOTE_SERVICE_ACCEPT   0x00f3eb    program     extern C:\CBT\CBT-350 Development\System\Standard\SysBluetooth.c
TCU_MNG_DISCOVER_REMOTE_SERVICE_EVENT   0x00f413    program     extern C:\CBT\CBT-350 Development\System\Standard\SysBluetooth.c
         TCU_MNG_INIT_REQ   0x00f332    program     extern C:\CBT\CBT-350 Development\System\Standard\SysBluetooth.c
        TCU_MNG_INIT_RESP   0x00f34e    program     extern C:\CBT\CBT-350 Development\System\Standard\SysBluetooth.c
TCU_MNG_REMOTE_DEVICE_NAME_AUTO_NOTIFY_EVENT   0x00f48c    program     extern C:\CBT\CBT-350 Development\System\Standard\SysBluetooth.c
TCU_MNG_SET_SCANREADY_RESP   0x00f3e3    program     extern C:\CBT\CBT-350 Development\System\Standard\SysBluetooth.c
     TCU_MNG_SET_SCAN_REQ   0x00f387    program     extern C:\CBT\CBT-350 Development\System\Standard\SysBluetooth.c
    TCU_MNG_SET_SCAN_RESP   0x00f38f    program     extern C:\CBT\CBT-350 Development\System\Standard\SysBluetooth.c
TCU_MNG_SSP_SET_REQ_HCI_IO_Capability_Request_Reply   0x00f458    program     extern C:\CBT\CBT-350 Development\System\Standard\SysBluetooth.c
TCU_MNG_SSP_SET_REQ_HCI_User_Confirmation_Request_Reply   0x00f4a0    program     extern C:\CBT\CBT-350 Development\System\Standard\SysBluetooth.c
TCU_MNG_SSP_SET_RESP_HCI_IO_Capability_Request_Reply   0x00f4b1    program     extern C:\CBT\CBT-350 Development\System\Standard\SysBluetooth.c
TCU_MNG_SSP_SET_RESP_HCI_User_Confirmation_Request_Reply   0x00f4d5    program     extern C:\CBT\CBT-350 Development\System\Standard\SysBluetooth.c
TCU_MNG_STANDARD_HCI_SET_REQ_Write_Class_of_Device   0x00f35c    program     extern C:\CBT\CBT-350 Development\System\Standard\SysBluetooth.c
TCU_MNG_STANDARD_HCI_SET_RESP_Write_Class_of_Device   0x00f369    program     extern C:\CBT\CBT-350 Development\System\Standard\SysBluetooth.c
    TCU_SPP_CONNECT_EVENT   0x00f519    program     extern C:\CBT\CBT-350 Development\System\Standard\SysBluetooth.c
   TCU_SPP_CONNECT_EVENT2   0x00f527    program     extern C:\CBT\CBT-350 Development\System\Standard\SysBluetooth.c
     TCU_SPP_CONNECT_RESP   0x00f44e    program     extern C:\CBT\CBT-350 Development\System\Standard\SysBluetooth.c
  TCU_SPP_DATA_SEND_EVENT   0x00f568    program     extern C:\CBT\CBT-350 Development\System\Standard\SysBluetooth.c
TCU_SPP_DATA_TRANSFER_REQ   0x00f529    program     extern C:\CBT\CBT-350 Development\System\Standard\SysBluetooth.c
TCU_SPP_DISCONNECT_EVENT1   0x00f540    program     extern C:\CBT\CBT-350 Development\System\Standard\SysBluetooth.c
TCU_SPP_DISCONNECT_EVENT2   0x00f54f    program     extern C:\CBT\CBT-350 Development\System\Standard\SysBluetooth.c
   TCU_SPP_DISCONNECT_REQ   0x00f571    program     extern C:\CBT\CBT-350 Development\System\Standard\SysBluetooth.c
        TCU_SPP_SETUP_REQ   0x00f378    program     extern C:\CBT\CBT-350 Development\System\Standard\SysBluetooth.c
       TCU_SPP_SETUP_RESP   0x00f37f    program     extern C:\CBT\CBT-350 Development\System\Standard\SysBluetooth.c
              TempBLETest   0x0127c8    program     extern C:\CBT\CBT-350 Development\Applications\Standard\SelfTest.c
         TestCompleteWait   0x00aa66    program     extern C:\CBT\CBT-350 Development\Applications\Standard\AppBattest.c
             UP_ARROW_8X8   0x0127f6    program     extern C:\CBT\CBT-350 Development\System\Standard\SysDisplay.c
          Uart_Port1_Test   0x00d1a8    program     extern C:\CBT\CBT-350 Development\Applications\Standard\SelfTest.c
          Uart_Port2_Test   0x00d1f8    program     extern C:\CBT\CBT-350 Development\Applications\Standard\SelfTest.c
               Usart1Init   0x00ddfa    program     extern C:\CBT\CBT-350 Development\Drivers\Standard\DrvUsart_18F67J10.c
               Usart2Init   0x00de66    program     extern C:\CBT\CBT-350 Development\Drivers\Standard\DrvUsart_18F67J10.c
       VariableInitialize   0x00f76a    program     extern C:\CBT\CBT-350 Development\Applications\Standard\AppMain.c
         VerifyCalFactors   0x00fab8    program     extern C:\CBT\CBT-350 Development\Applications\Standard\AppUtility.c
         VoltageTestState   0x00d4de    program     extern C:\CBT\CBT-350 Development\Applications\Standard\SelfTest.c
         WriteFrameHeader   0x00a1ce    program     extern C:\CBT\CBT-350 Development\System\Standard\SysBluetooth.c
             WritePayload   0x00a3be    program     extern C:\CBT\CBT-350 Development\System\Standard\SysBluetooth.c
             XLCD_Address   0x00fff6    program     extern C:\CBT\CBT-350 Development\Drivers\Standard\DrvLCD_OPTO1140GG.c
             XLCD_Command   0x00feba    program     extern C:\CBT\CBT-350 Development\Drivers\Standard\DrvLCD_OPTO1140GG.c
                XLCD_Data   0x00fef2    program     extern C:\CBT\CBT-350 Development\Drivers\Standard\DrvLCD_OPTO1140GG.c
              _2jContinue   0x011756    program     static C:\MCC18\SRC\EXTENDED\STDCLIB\memset.asm
              _3jContinue   0x011686    program     static C:\MCC18\SRC\EXTENDED\STDCLIB\mcmpp2r.asm
              _3jContinue   0x011722    program     static C:\MCC18\SRC\EXTENDED\STDCLIB\mcpyp2r.asm
                   _3jEnd   0x011760    program     static C:\MCC18\SRC\EXTENDED\STDCLIB\memset.asm
              _4jContinue   0x011636    program     static C:\MCC18\SRC\EXTENDED\STDCLIB\memcmp.asm
              _4jContinue   0x0116ce    program     static C:\MCC18\SRC\EXTENDED\STDCLIB\memcpy.asm
                   _4jEnd   0x01172c    program     static C:\MCC18\SRC\EXTENDED\STDCLIB\mcpyp2r.asm
                   _4jEnd   0x011690    program     static C:\MCC18\SRC\EXTENDED\STDCLIB\mcmpp2r.asm
                   _5jEnd   0x0116d8    program     static C:\MCC18\SRC\EXTENDED\STDCLIB\memcpy.asm
                   _5jEnd   0x011640    program     static C:\MCC18\SRC\EXTENDED\STDCLIB\memcmp.asm
       _D10KTCYXCODE_0014   0x012764    program     static C:\MCC18\SRC\EXTENDED\DELAYS\d10ktcyx.asm
       _D10KTCYXCODE_0022   0x012772    program     static C:\MCC18\SRC\EXTENDED\DELAYS\d10ktcyx.asm
           ___?:_lbl00025   0x00f9b0    program     static                          
           ___?:_lbl00026   0x00f9ae    program     static                          
       ___case_0_lbl00002   0x00d7ee    program     static                          
       ___case_0_lbl00002   0x00ca1e    program     static                          
       ___case_0_lbl00047   0x00cf0a    program     static                          
       ___case_0_lbl00058   0x00d00c    program     static                          
      ___case_10_lbl00029   0x00ccf4    program     static                          
      ___case_10_lbl00078   0x00d188    program     static                          
      ___case_11_lbl00032   0x00cd08    program     static                          
      ___case_11_lbl00079   0x00d18a    program     static                          
      ___case_12_lbl00031   0x00cd08    program     static                          
      ___case_12_lbl00080   0x00d18c    program     static                          
      ___case_13_lbl00030   0x00cd08    program     static                          
      ___case_13_lbl00081   0x00d18e    program     static                          
      ___case_14_lbl00036   0x00cd0e    program     static                          
      ___case_14_lbl00083   0x00d190    program     static                          
      ___case_15_lbl00037   0x00ce4c    program     static                          
      ___case_16_lbl00041   0x00cec2    program     static                          
      ___case_16_lbl00082   0x00d190    program     static                          
      ___case_17_lbl00042   0x00cee8    program     static                          
       ___case_1_lbl00004   0x00ca6c    program     static                          
       ___case_1_lbl00012   0x00d892    program     static                          
       ___case_1_lbl00059   0x00d036    program     static                          
       ___case_2_lbl00006   0x00cac6    program     static                          
       ___case_2_lbl00015   0x00d95c    program     static                          
       ___case_2_lbl00060   0x00d038    program     static                          
       ___case_3_lbl00008   0x00cb8a    program     static                          
       ___case_3_lbl00061   0x00d03a    program     static                          
       ___case_4_lbl00011   0x00cb9e    program     static                          
       ___case_4_lbl00067   0x00d0a4    program     static                          
       ___case_5_lbl00010   0x00cb9e    program     static                          
       ___case_5_lbl00073   0x00d10e    program     static                          
       ___case_6_lbl00009   0x00cb9e    program     static                          
       ___case_6_lbl00074   0x00d146    program     static                          
       ___case_7_lbl00012   0x00cba4    program     static                          
       ___case_7_lbl00075   0x00d182    program     static                          
       ___case_8_lbl00013   0x00cbfa    program     static                          
       ___case_8_lbl00076   0x00d184    program     static                          
       ___case_9_lbl00027   0x00cc68    program     static                          
       ___case_9_lbl00077   0x00d186    program     static                          
      ___default_lbl00016   0x00d9b4    program     static                          
      ___default_lbl00054   0x00cf62    program     static                          
      ___default_lbl00084   0x00d192    program     static                          
           ___do_lbl00002   0x0110f6    program     static                          
           ___do_lbl00003   0x011104    program     static                          
           ___do_lbl00005   0x0110ea    program     static                          
           ___do_lbl00049   0x00cf8c    program     static                          
           ___do_lbl00050   0x00cf92    program     static                          
           ___do_lbl00053   0x00cf62    program     static                          
         ___else_lbl00004   0x00d854    program     static                          
         ___else_lbl00011   0x00d918    program     static                          
         ___else_lbl00013   0x00b824    program     static                          
         ___else_lbl00014   0x00f8ba    program     static                          
         ___else_lbl00016   0x00f8a6    program     static                          
         ___else_lbl00019   0x00b834    program     static                          
         ___else_lbl00020   0x00cc52    program     static                          
         ___else_lbl00022   0x00b95a    program     static                          
         ___else_lbl00024   0x00b94a    program     static                          
         ___else_lbl00025   0x00ccea    program     static                          
         ___else_lbl00029   0x00baae    program     static                          
         ___else_lbl00031   0x00ba00    program     static                          
         ___else_lbl00034   0x00fa86    program     static                          
         ___else_lbl00035   0x00ce44    program     static                          
         ___else_lbl00036   0x00bbd8    program     static                          
         ___else_lbl00037   0x00fa6a    program     static                          
         ___else_lbl00039   0x00bb62    program     static                          
         ___else_lbl00040   0x00cee0    program     static                          
          ___for_lbl00001   0x012634    program     static                          
          ___for_lbl00002   0x012638    program     static                          
          ___for_lbl00003   0x0125be    program     static                          
          ___for_lbl00062   0x00d096    program     static                          
          ___for_lbl00063   0x00d09e    program     static                          
          ___for_lbl00066   0x00d048    program     static                          
          ___for_lbl00068   0x00d100    program     static                          
          ___for_lbl00069   0x00d108    program     static                          
          ___for_lbl00071   0x00c082    program     static                          
          ___for_lbl00072   0x00c086    program     static                          
          ___for_lbl00072   0x00d0b2    program     static                          
          ___for_lbl00073   0x00c064    program     static                          
           ___if_lbl00003   0x00cac2    program     static                          
           ___if_lbl00003   0x00d880    program     static                          
           ___if_lbl00005   0x00cb86    program     static                          
           ___if_lbl00007   0x00cb9a    program     static                          
           ___if_lbl00009   0x00f858    program     static                          
           ___if_lbl00010   0x00d944    program     static                          
           ___if_lbl00011   0x00b812    program     static                          
           ___if_lbl00012   0x00b82a    program     static                          
           ___if_lbl00012   0x00f8ee    program     static                          
           ___if_lbl00013   0x00f8ee    program     static                          
           ___if_lbl00015   0x00f8ee    program     static                          
           ___if_lbl00016   0x00b928    program     static                          
           ___if_lbl00017   0x00b936    program     static                          
           ___if_lbl00018   0x00b936    program     static                          
           ___if_lbl00019   0x00f974    program     static                          
           ___if_lbl00019   0x00cc64    program     static                          
           ___if_lbl00020   0x00b962    program     static                          
           ___if_lbl00020   0x00f986    program     static                          
           ___if_lbl00021   0x00b962    program     static                          
           ___if_lbl00021   0x00f986    program     static                          
           ___if_lbl00022   0x00f986    program     static                          
           ___if_lbl00023   0x00b962    program     static                          
           ___if_lbl00024   0x00ccf0    program     static                          
           ___if_lbl00026   0x00ccf0    program     static                          
           ___if_lbl00027   0x00f9ec    program     static                          
           ___if_lbl00027   0x00bb58    program     static                          
           ___if_lbl00028   0x00cd04    program     static                          
           ___if_lbl00028   0x00bb58    program     static                          
           ___if_lbl00028   0x00f9ec    program     static                          
           ___if_lbl00029   0x00f9ec    program     static                          
           ___if_lbl00030   0x00bb58    program     static                          
           ___if_lbl00032   0x00fa68    program     static                          
           ___if_lbl00033   0x00fa90    program     static                          
           ___if_lbl00034   0x00ce4a    program     static                          
           ___if_lbl00034   0x00bc78    program     static                          
           ___if_lbl00035   0x00bc78    program     static                          
           ___if_lbl00035   0x00fa90    program     static                          
           ___if_lbl00036   0x00fa90    program     static                          
           ___if_lbl00037   0x00bc80    program     static                          
           ___if_lbl00038   0x00cede    program     static                          
           ___if_lbl00038   0x00fa90    program     static                          
           ___if_lbl00038   0x00bc80    program     static                          
           ___if_lbl00039   0x00fa94    program     static                          
           ___if_lbl00039   0x00cee6    program     static                          
           ___if_lbl00048   0x00cf3a    program     static                          
       ___return_lbl00000   0x00803a    program     static                          
       ___return_lbl00000   0x00d9b6    program     static                          
       ___return_lbl00000   0x00ceea    program     static                          
       ___return_lbl00000   0x00f6d6    program     static                          
       ___return_lbl00000   0x0110ce    program     static                          
       ___return_lbl00000   0x012638    program     static                          
       ___return_lbl00000   0x00800c    program     static                          
       ___return_lbl00001   0x01250e    program     static                          
       ___return_lbl00001   0x011104    program     static                          
       ___return_lbl00001   0x00fe90    program     static                          
       ___return_lbl00004   0x00801c    program     static                          
       ___return_lbl00006   0x011132    program     static                          
       ___return_lbl00007   0x011158    program     static                          
       ___return_lbl00008   0x00faa6    program     static                          
       ___return_lbl00008   0x00bc80    program     static                          
       ___return_lbl00008   0x01116e    program     static                          
       ___return_lbl00009   0x0111ee    program     static                          
       ___return_lbl00012   0x011276    program     static                          
       ___return_lbl00016   0x011308    program     static                          
       ___return_lbl00017   0x010af6    program     static                          
       ___return_lbl00029   0x00e004    program     static                          
       ___return_lbl00043   0x00d1a0    program     static                          
       ___return_lbl00070   0x00c086    program     static                          
   ___switchexit_lbl00001   0x00d9b6    program     static                          
   ___switchexit_lbl00001   0x00ceea    program     static                          
   ___switchexit_lbl00046   0x00d19c    program     static                          
   ___switchexit_lbl00057   0x00d19a    program     static                          
        ___while_lbl00002   0x00fe72    program     static                          
        ___while_lbl00003   0x00fe90    program     static                          
        ___while_lbl00005   0x00d880    program     static                          
        ___while_lbl00006   0x00d890    program     static                          
        ___while_lbl00007   0x00d892    program     static                          
        ___while_lbl00008   0x00d956    program     static                          
        ___while_lbl00009   0x00b780    program     static                          
        ___while_lbl00010   0x0111ae    program     static                          
        ___while_lbl00010   0x00b832    program     static                          
        ___while_lbl00011   0x0111e4    program     static                          
        ___while_lbl00013   0x00d95c    program     static                          
        ___while_lbl00013   0x011236    program     static                          
        ___while_lbl00014   0x011268    program     static                          
        ___while_lbl00014   0x00b8bc    program     static                          
        ___while_lbl00014   0x00d96c    program     static                          
        ___while_lbl00015   0x00b936    program     static                          
        ___while_lbl00017   0x00f8fe    program     static                          
        ___while_lbl00017   0x011288    program     static                          
        ___while_lbl00018   0x011306    program     static                          
        ___while_lbl00018   0x010aec    program     static                          
        ___while_lbl00018   0x00fa98    program     static                          
        ___while_lbl00019   0x010af6    program     static                          
        ___while_lbl00025   0x00b96c    program     static                          
        ___while_lbl00026   0x00bb60    program     static                          
        ___while_lbl00030   0x00dfde    program     static                          
        ___while_lbl00031   0x00e004    program     static                          
        ___while_lbl00032   0x00bb6a    program     static                          
        ___while_lbl00033   0x00bc80    program     static                          
        ___while_lbl00044   0x00cf02    program     static                          
        ___while_lbl00045   0x00d1a0    program     static                          
        ___while_lbl00051   0x00cf6a    program     static                          
        ___while_lbl00052   0x00cf7a    program     static                          
        ___while_lbl00055   0x00cf92    program     static                          
        ___while_lbl00056   0x00cfa0    program     static                          
        ___while_lbl00064   0x00d062    program     static                          
        ___while_lbl00065   0x00d070    program     static                          
        ___while_lbl00070   0x00d0cc    program     static                          
        ___while_lbl00071   0x00d0da    program     static                          
                 __div16u   0x0101dc    program     extern C:\MCC18\SRC\EXTENDED\MATH\div16u.asm
                 __div32s   0x010254    program     extern C:\MCC18\SRC\EXTENDED\MATH\div32s.asm
                 __div32u   0x010310    program     extern C:\MCC18\SRC\EXTENDED\MATH\div32u.asm
                 __mod16u   0x0101e2    program     extern C:\MCC18\SRC\EXTENDED\MATH\div16u.asm
                 __mod32s   0x01025a    program     extern C:\MCC18\SRC\EXTENDED\MATH\div32s.asm
                 __mod32u   0x010316    program     extern C:\MCC18\SRC\EXTENDED\MATH\div32u.asm
                  __mul24   0x01039c    program     extern C:\MCC18\SRC\EXTENDED\MATH\mul24.asm
                  __mul32   0x01045c    program     extern C:\MCC18\SRC\EXTENDED\MATH\mul32.asm
               __string_0   0x01264b    program     static C:\CBT\CBT-350 Development\Applications\Standard\AppMain.c
               __string_0   0x012692    program     static C:\CBT\CBT-350 Development\Applications\Standard\AppBatQuest.c
               __string_0   0x012690    program     static C:\CBT\CBT-350 Development\Applications\Standard\AppBattest.c
               __string_0   0x01266e    program     static C:\CBT\CBT-350 Development\Applications\Standard\AppCalibrat.c
               __string_1   0x01268b    program     static C:\CBT\CBT-350 Development\Applications\Standard\AppBattest.c
               __string_1   0x012645    program     static C:\CBT\CBT-350 Development\Applications\Standard\AppMain.c
               __string_1   0x012669    program     static C:\CBT\CBT-350 Development\Applications\Standard\AppCalibrat.c
              __string_16   0x012660    program     static C:\CBT\CBT-350 Development\Applications\Standard\SelfTest.c
              __string_17   0x012657    program     static C:\CBT\CBT-350 Development\Applications\Standard\SelfTest.c
              __string_18   0x012652    program     static C:\CBT\CBT-350 Development\Applications\Standard\SelfTest.c
              __string_18   0x0126a8    program     static C:\CBT\CBT-350 Development\System\Standard\SysBluetooth.c
              __string_19   0x0126a1    program     static C:\CBT\CBT-350 Development\System\Standard\SysBluetooth.c
               __string_2   0x012681    program     static C:\CBT\CBT-350 Development\Applications\Standard\AppBattest.c
               __string_2   0x012640    program     static C:\CBT\CBT-350 Development\Applications\Standard\AppMain.c
              __string_20   0x01269c    program     static C:\CBT\CBT-350 Development\System\Standard\SysBluetooth.c
              __string_21   0x012697    program     static C:\CBT\CBT-350 Development\System\Standard\SysBluetooth.c
               __string_5   0x01267b    program     static C:\CBT\CBT-350 Development\Applications\Standard\AppStartUp.c
                  __strup   0x008002    program     extern C:\CBT\CBT-350 Development\Applications\Standard\c018_e.c
               __tmplbl_0   0x00cc4a    program     static                          
               __tmplbl_0   0x011104    program     static                          
               __tmplbl_0   0x00d89e    program     static                          
               __tmplbl_1   0x00d898    program     static                          
               __tmplbl_1   0x0110fe    program     static                          
               __tmplbl_1   0x00cc3e    program     static                          
              __tmplbl_10   0x00fa16    program     static                          
              __tmplbl_10   0x00cd2a    program     static                          
              __tmplbl_11   0x00cd1c    program     static                          
               __tmplbl_2   0x00f8e4    program     static                          
               __tmplbl_2   0x011242    program     static                          
               __tmplbl_2   0x00cc32    program     static                          
               __tmplbl_3   0x01123e    program     static                          
               __tmplbl_3   0x00f8d6    program     static                          
               __tmplbl_3   0x00cc26    program     static                          
               __tmplbl_4   0x00f8c8    program     static                          
               __tmplbl_4   0x00cc1a    program     static                          
               __tmplbl_4   0x01125a    program     static                          
              __tmplbl_46   0x00a004    program     static                          
              __tmplbl_47   0x00993e    program     static                          
              __tmplbl_48   0x00989e    program     static                          
              __tmplbl_49   0x0097e6    program     static                          
               __tmplbl_5   0x00f9a2    program     static                          
               __tmplbl_5   0x011256    program     static                          
               __tmplbl_5   0x00cc0e    program     static                          
              __tmplbl_50   0x0094ac    program     static                          
              __tmplbl_51   0x009392    program     static                          
              __tmplbl_52   0x009304    program     static                          
              __tmplbl_53   0x009276    program     static                          
              __tmplbl_54   0x0091e8    program     static                          
              __tmplbl_55   0x009162    program     static                          
              __tmplbl_56   0x0090a0    program     static                          
               __tmplbl_6   0x00ccd4    program     static                          
               __tmplbl_6   0x00f994    program     static                          
              __tmplbl_68   0x00a03a    program     static                          
              __tmplbl_69   0x00a03a    program     static                          
               __tmplbl_7   0x00f98c    program     static                          
               __tmplbl_7   0x00ccc8    program     static                          
              __tmplbl_70   0x00a03a    program     static                          
              __tmplbl_71   0x00a03a    program     static                          
              __tmplbl_72   0x00a03a    program     static                          
              __tmplbl_73   0x00a03a    program     static                          
              __tmplbl_74   0x00a03a    program     static                          
              __tmplbl_75   0x00a03a    program     static                          
              __tmplbl_76   0x00a03a    program     static                          
              __tmplbl_77   0x00a03a    program     static                          
              __tmplbl_78   0x00a03a    program     static                          
              __tmplbl_79   0x00a03a    program     static                          
               __tmplbl_8   0x00fa24    program     static                          
               __tmplbl_8   0x00ccbc    program     static                          
              __tmplbl_81   0x00a03a    program     static                          
              __tmplbl_82   0x00a03a    program     static                          
              __tmplbl_83   0x00a03a    program     static                          
              __tmplbl_84   0x00a03a    program     static                          
              __tmplbl_85   0x00a03a    program     static                          
              __tmplbl_86   0x00a03a    program     static                          
              __tmplbl_87   0x00a03a    program     static                          
              __tmplbl_88   0x00a03a    program     static                          
              __tmplbl_89   0x00a03a    program     static                          
               __tmplbl_9   0x00fa1c    program     static                          
               __tmplbl_9   0x00ccb0    program     static                          
              __tmplbl_90   0x00a03a    program     static                          
              __tmplbl_91   0x00a03a    program     static                          
              __tmplbl_95   0x00a03a    program     static                          
            __zero_memory   0x01281c    program     extern C:\MCC18\src\extended\proc\p18f67j10.asm
                _do_cinit   0x012472    program     extern C:\CBT\CBT-350 Development\Applications\Standard\c018_e.c
            _early16uexit   0x0101e6    program     extern C:\MCC18\SRC\EXTENDED\MATH\div16u.asm
            _early32uexit   0x01031a    program     extern C:\MCC18\SRC\EXTENDED\MATH\div32u.asm
                   _false   0x01035e    program     static C:\MCC18\SRC\EXTENDED\MATH\div32u.asm
                    _goto   0x008000    program     extern C:\CBT\CBT-350 Development\Applications\Standard\c018_e.c
                 _startup   0x008030    program     extern C:\CBT\CBT-350 Development\Applications\Standard\c018_e.c
               clear_loop   0x012822    program     static C:\MCC18\src\extended\proc\p18f67j10.asm
                 code_mon   0x008012    program     extern C:\CBT\CBT-350 Development\Applications\Standard\c018_e.c
                 code_ver   0x008010    program     extern C:\CBT\CBT-350 Development\Applications\Standard\c018_e.c
                  code_yr   0x008014    program     extern C:\CBT\CBT-350 Development\Applications\Standard\c018_e.c
                copy_loop   0x0124e4    program     static                          
            copy_one_byte   0x0124ea    program     static                          
                divmod16u   0x0101e8    program     static C:\MCC18\SRC\EXTENDED\MATH\div16u.asm
                divmod32u   0x01031c    program     static C:\MCC18\SRC\EXTENDED\MATH\div32u.asm
                     done   0x01250e    program     static                          
             done_copying   0x0124f8    program     static                          
                  endloop   0x01020e    program     static C:\MCC18\SRC\EXTENDED\MATH\div16u.asm
                 itoabase   0x00fb6c    program     extern C:\CBT\CBT-350 Development\Applications\Standard\AppUtility.c
                     jEnd   0x011768    program     static C:\MCC18\SRC\EXTENDED\STDCLIB\memset.asm
                     jEnd   0x0117e8    program     static C:\MCC18\SRC\EXTENDED\STDCLIB\scatp2r.asm
                     jEnd   0x011814    program     static C:\MCC18\SRC\EXTENDED\STDCLIB\scmpp2r.asm
                     jEnd   0x011734    program     static C:\MCC18\SRC\EXTENDED\STDCLIB\mcpyp2r.asm
                     jEnd   0x011846    program     static C:\MCC18\SRC\EXTENDED\STDCLIB\scpyp2r.asm
                     jEnd   0x011862    program     static C:\MCC18\SRC\EXTENDED\STDCLIB\strlen.asm
                     jEnd   0x0116de    program     static C:\MCC18\SRC\EXTENDED\STDCLIB\memcpy.asm
                     jEnd   0x011698    program     static C:\MCC18\SRC\EXTENDED\STDCLIB\mcmpp2r.asm
                     jEnd   0x011646    program     static C:\MCC18\SRC\EXTENDED\STDCLIB\memcmp.asm
                    jLoop   0x0116c2    program     static C:\MCC18\SRC\EXTENDED\STDCLIB\memcpy.asm
                    jLoop   0x011858    program     static C:\MCC18\SRC\EXTENDED\STDCLIB\strlen.asm
                    jLoop   0x011716    program     static C:\MCC18\SRC\EXTENDED\STDCLIB\mcpyp2r.asm
                    jLoop   0x01183c    program     static C:\MCC18\SRC\EXTENDED\STDCLIB\scpyp2r.asm
                    jLoop   0x01167a    program     static C:\MCC18\SRC\EXTENDED\STDCLIB\mcmpp2r.asm
                    jLoop   0x011808    program     static C:\MCC18\SRC\EXTENDED\STDCLIB\scmpp2r.asm
                    jLoop   0x01174a    program     static C:\MCC18\SRC\EXTENDED\STDCLIB\memset.asm
                    jLoop   0x0117de    program     static C:\MCC18\SRC\EXTENDED\STDCLIB\scatp2r.asm
                    jLoop   0x01162a    program     static C:\MCC18\SRC\EXTENDED\STDCLIB\memcmp.asm
                    jLoop   0x011798    program     static C:\MCC18\SRC\EXTENDED\STDCLIB\strcat.asm
                jNullLoop   0x0117d8    program     static C:\MCC18\SRC\EXTENDED\STDCLIB\scatp2r.asm
                jNullLoop   0x011792    program     static C:\MCC18\SRC\EXTENDED\STDCLIB\strcat.asm
                     loop   0x0101f2    program     static C:\MCC18\SRC\EXTENDED\MATH\div16u.asm
                     loop   0x01032a    program     static C:\MCC18\SRC\EXTENDED\MATH\div32u.asm
                     loop   0x008034    program     static                          
                     main   0x00faae    program     extern C:\CBT\CBT-350 Development\Applications\Standard\AppMain.c
                   memcmp   0x01160a    program     extern C:\MCC18\SRC\EXTENDED\STDCLIB\memcmp.asm
            memcmppgm2ram   0x01165c    program     extern C:\MCC18\SRC\EXTENDED\STDCLIB\mcmpp2r.asm
                   memcpy   0x01169a    program     extern C:\MCC18\SRC\EXTENDED\STDCLIB\memcpy.asm
            memcpypgm2ram   0x0116f0    program     extern C:\MCC18\SRC\EXTENDED\STDCLIB\mcpyp2r.asm
                   memset   0x011736    program     extern C:\MCC18\SRC\EXTENDED\STDCLIB\memset.asm
                   strcat   0x01176a    program     extern C:\MCC18\SRC\EXTENDED\STDCLIB\strcat.asm
            strcatpgm2ram   0x0117b2    program     extern C:\MCC18\SRC\EXTENDED\STDCLIB\scatp2r.asm
            strcmppgm2ram   0x0117ea    program     extern C:\MCC18\SRC\EXTENDED\STDCLIB\scmpp2r.asm
            strcpypgm2ram   0x011816    program     extern C:\MCC18\SRC\EXTENDED\STDCLIB\scpyp2r.asm
                   strlen   0x011848    program     extern C:\MCC18\SRC\EXTENDED\STDCLIB\strlen.asm
                     test   0x01248c    program     static                          
                   ADCON0   0x000fc2       data     extern C:\MCC18\src\extended\proc\p18f67j10.asm
               ADCON0bits   0x000fc2       data     extern C:\MCC18\src\extended\proc\p18f67j10.asm
                   ADCON1   0x000fc1       data     extern C:\MCC18\src\extended\proc\p18f67j10.asm
               ADCON1bits   0x000fc1       data     extern C:\MCC18\src\extended\proc\p18f67j10.asm
                   ADCON2   0x000fc0       data     extern C:\MCC18\src\extended\proc\p18f67j10.asm
               ADCON2bits   0x000fc0       data     extern C:\MCC18\src\extended\proc\p18f67j10.asm
                    ADRES   0x000fc3       data     extern C:\MCC18\src\extended\proc\p18f67j10.asm
                   ADRESH   0x000fc4       data     extern C:\MCC18\src\extended\proc\p18f67j10.asm
                   ADRESL   0x000fc3       data     extern C:\MCC18\src\extended\proc\p18f67j10.asm
                  AppData   0x000a01       data     extern C:\CBT\CBT-350 Development\Applications\Standard\AppData.c
             AppGlobalFlg   0x000a06       data     extern C:\CBT\CBT-350 Development\Applications\Standard\AppData.c
      BATTERY_INITIAL_REQ   0x000eee       data     extern C:\CBT\CBT-350 Development\Applications\Standard\AppBluetooth.c
[...]
                     LATE   0x000f8d       data     extern C:\MCC18\src\extended\proc\p18f67j10.asm
                 LATEbits   0x000f8d       data     extern C:\MCC18\src\extended\proc\p18f67j10.asm
                 LATFbits   0x000f8e       data     extern C:\MCC18\src\extended\proc\p18f67j10.asm
                     LATF   0x000f8e       data     extern C:\MCC18\src\extended\proc\p18f67j10.asm
                 LATGbits   0x000f8f       data     extern C:\MCC18\src\extended\proc\p18f67j10.asm
                     LATG   0x000f8f       data     extern C:\MCC18\src\extended\proc\p18f67j10.asm
                    TRISA   0x000f92       data     extern C:\MCC18\src\extended\proc\p18f67j10.asm
                TRISAbits   0x000f92       data     extern C:\MCC18\src\extended\proc\p18f67j10.asm
                     DDRA   0x000f92       data     extern C:\MCC18\src\extended\proc\p18f67j10.asm
                 DDRAbits   0x000f92       data     extern C:\MCC18\src\extended\proc\p18f67j10.asm
                    TRISB   0x000f93       data     extern C:\MCC18\src\extended\proc\p18f67j10.asm
                TRISBbits   0x000f93       data     extern C:\MCC18\src\extended\proc\p18f67j10.asm
                 DDRBbits   0x000f93       data     extern C:\MCC18\src\extended\proc\p18f67j10.asm
                     DDRB   0x000f93       data     extern C:\MCC18\src\extended\proc\p18f67j10.asm
                 DDRCbits   0x000f94       data     extern C:\MCC18\src\extended\proc\p18f67j10.asm
                    TRISC   0x000f94       data     extern C:\MCC18\src\extended\proc\p18f67j10.asm
                TRISCbits   0x000f94       data     extern C:\MCC18\src\extended\proc\p18f67j10.asm
                     DDRC   0x000f94       data     extern C:\MCC18\src\extended\proc\p18f67j10.asm
                     DDRD   0x000f95       data     extern C:\MCC18\src\extended\proc\p18f67j10.asm
                    TRISD   0x000f95       data     extern C:\MCC18\src\extended\proc\p18f67j10.asm
                TRISDbits   0x000f95       data     extern C:\MCC18\src\extended\proc\p18f67j10.asm
                 DDRDbits   0x000f95       data     extern C:\MCC18\src\extended\proc\p18f67j10.asm
                 DDREbits   0x000f96       data     extern C:\MCC18\src\extended\proc\p18f67j10.asm
                     DDRE   0x000f96       data     extern C:\MCC18\src\extended\proc\p18f67j10.asm
                TRISEbits   0x000f96       data     extern C:\MCC18\src\extended\proc\p18f67j10.asm
                    TRISE   0x000f96       data     extern C:\MCC18\src\extended\proc\p18f67j10.asm
                    TRISF   0x000f97       data     extern C:\MCC18\src\extended\proc\p18f67j10.asm
                TRISFbits   0x000f97       data     extern C:\MCC18\src\extended\proc\p18f67j10.asm
                 DDRFbits   0x000f97       data     extern C:\MCC18\src\extended\proc\p18f67j10.asm
                     DDRF   0x000f97       data     extern C:\MCC18\src\extended\proc\p18f67j10.asm
                    TRISG   0x000f98       data     extern C:\MCC18\src\extended\proc\p18f67j10.asm
                TRISGbits   0x000f98       data     extern C:\MCC18\src\extended\proc\p18f67j10.asm
                 DDRGbits   0x000f98       data     extern C:\MCC18\src\extended\proc\p18f67j10.asm
                     DDRG   0x000f98       data     extern C:\MCC18\src\extended\proc\p18f67j10.asm
                  OSCTUNE   0x000f9b       data     extern C:\MCC18\src\extended\proc\p18f67j10.asm
              OSCTUNEbits   0x000f9b       data     extern C:\MCC18\src\extended\proc\p18f67j10.asm
                     PIE1   0x000f9d       data     extern C:\MCC18\src\extended\proc\p18f67j10.asm
                 PIE1bits   0x000f9d       data     extern C:\MCC18\src\extended\proc\p18f67j10.asm
                     PIR1   0x000f9e       data     extern C:\MCC18\src\extended\proc\p18f67j10.asm
                 PIR1bits   0x000f9e       data     extern C:\MCC18\src\extended\proc\p18f67j10.asm
                     IPR1   0x000f9f       data     extern C:\MCC18\src\extended\proc\p18f67j10.asm
                 IPR1bits   0x000f9f       data     extern C:\MCC18\src\extended\proc\p18f67j10.asm
                 PIE2bits   0x000fa0       data     extern C:\MCC18\src\extended\proc\p18f67j10.asm
                     PIE2   0x000fa0       data     extern C:\MCC18\src\extended\proc\p18f67j10.asm
                 PIR2bits   0x000fa1       data     extern C:\MCC18\src\extended\proc\p18f67j10.asm
                     PIR2   0x000fa1       data     extern C:\MCC18\src\extended\proc\p18f67j10.asm
                     IPR2   0x000fa2       data     extern C:\MCC18\src\extended\proc\p18f67j10.asm
                 IPR2bits   0x000fa2       data     extern C:\MCC18\src\extended\proc\p18f67j10.asm
                 PIE3bits   0x000fa3       data     extern C:\MCC18\src\extended\proc\p18f67j10.asm
                     PIE3   0x000fa3       data     extern C:\MCC18\src\extended\proc\p18f67j10.asm
                     PIR3   0x000fa4       data     extern C:\MCC18\src\extended\proc\p18f67j10.asm
                 PIR3bits   0x000fa4       data     extern C:\MCC18\src\extended\proc\p18f67j10.asm
                     IPR3   0x000fa5       data     extern C:\MCC18\src\extended\proc\p18f67j10.asm
                 IPR3bits   0x000fa5       data     extern C:\MCC18\src\extended\proc\p18f67j10.asm
                   EECON1   0x000fa6       data     extern C:\MCC18\src\extended\proc\p18f67j10.asm
               EECON1bits   0x000fa6       data     extern C:\MCC18\src\extended\proc\p18f67j10.asm
                   EECON2   0x000fa7       data     extern C:\MCC18\src\extended\proc\p18f67j10.asm
                RCSTAbits   0x000fab       data     extern C:\MCC18\src\extended\proc\p18f67j10.asm
               RCSTA1bits   0x000fab       data     extern C:\MCC18\src\extended\proc\p18f67j10.asm
                   RCSTA1   0x000fab       data     extern C:\MCC18\src\extended\proc\p18f67j10.asm
                    RCSTA   0x000fab       data     extern C:\MCC18\src\extended\proc\p18f67j10.asm
                TXSTAbits   0x000fac       data     extern C:\MCC18\src\extended\proc\p18f67j10.asm
               TXSTA1bits   0x000fac       data     extern C:\MCC18\src\extended\proc\p18f67j10.asm
                   TXSTA1   0x000fac       data     extern C:\MCC18\src\extended\proc\p18f67j10.asm
                    TXSTA   0x000fac       data     extern C:\MCC18\src\extended\proc\p18f67j10.asm
                   TXREG1   0x000fad       data     extern C:\MCC18\src\extended\proc\p18f67j10.asm
                    TXREG   0x000fad       data     extern C:\MCC18\src\extended\proc\p18f67j10.asm
                   RCREG1   0x000fae       data     extern C:\MCC18\src\extended\proc\p18f67j10.asm
                    RCREG   0x000fae       data     extern C:\MCC18\src\extended\proc\p18f67j10.asm
                    SPBRG   0x000faf       data     extern C:\MCC18\src\extended\proc\p18f67j10.asm
                   SPBRG1   0x000faf       data     extern C:\MCC18\src\extended\proc\p18f67j10.asm
               PSPCONbits   0x000fb0       data     extern C:\MCC18\src\extended\proc\p18f67j10.asm
                   PSPCON   0x000fb0       data     extern C:\MCC18\src\extended\proc\p18f67j10.asm
                    T3CON   0x000fb1       data     extern C:\MCC18\src\extended\proc\p18f67j10.asm
                T3CONbits   0x000fb1       data     extern C:\MCC18\src\extended\proc\p18f67j10.asm
                    TMR3L   0x000fb2       data     extern C:\MCC18\src\extended\proc\p18f67j10.asm
                    TMR3H   0x000fb3       data     extern C:\MCC18\src\extended\proc\p18f67j10.asm
                CMCONbits   0x000fb4       data     extern C:\MCC18\src\extended\proc\p18f67j10.asm
                    CMCON   0x000fb4       data     extern C:\MCC18\src\extended\proc\p18f67j10.asm
                   CVRCON   0x000fb5       data     extern C:\MCC18\src\extended\proc\p18f67j10.asm
               CVRCONbits   0x000fb5       data     extern C:\MCC18\src\extended\proc\p18f67j10.asm
              ECCP1ASbits   0x000fb6       data     extern C:\MCC18\src\extended\proc\p18f67j10.asm
                  ECCP1AS   0x000fb6       data     extern C:\MCC18\src\extended\proc\p18f67j10.asm
                 ECCP3CON   0x000fb7       data     extern C:\MCC18\src\extended\proc\p18f67j10.asm
             ECCP3CONbits   0x000fb7       data     extern C:\MCC18\src\extended\proc\p18f67j10.asm
              CCP3CONbits   0x000fb7       data     extern C:\MCC18\src\extended\proc\p18f67j10.asm
                  CCP3CON   0x000fb7       data     extern C:\MCC18\src\extended\proc\p18f67j10.asm
                    CCPR3   0x000fb8       data     extern C:\MCC18\src\extended\proc\p18f67j10.asm
                   CCPR3L   0x000fb8       data     extern C:\MCC18\src\extended\proc\p18f67j10.asm
                   CCPR3H   0x000fb9       data     extern C:\MCC18\src\extended\proc\p18f67j10.asm
              CCP2CONbits   0x000fba       data     extern C:\MCC18\src\extended\proc\p18f67j10.asm
                  CCP2CON   0x000fba       data     extern C:\MCC18\src\extended\proc\p18f67j10.asm
             ECCP2CONbits   0x000fba       data     extern C:\MCC18\src\extended\proc\p18f67j10.asm
                 ECCP2CON   0x000fba       data     extern C:\MCC18\src\extended\proc\p18f67j10.asm
                   CCPR2L   0x000fbb       data     extern C:\MCC18\src\extended\proc\p18f67j10.asm
                    CCPR2   0x000fbb       data     extern C:\MCC18\src\extended\proc\p18f67j10.asm
                   CCPR2H   0x000fbc       data     extern C:\MCC18\src\extended\proc\p18f67j10.asm
              CCP1CONbits   0x000fbd       data     extern C:\MCC18\src\extended\proc\p18f67j10.asm
                  CCP1CON   0x000fbd       data     extern C:\MCC18\src\extended\proc\p18f67j10.asm
             ECCP1CONbits   0x000fbd       data     extern C:\MCC18\src\extended\proc\p18f67j10.asm
                 ECCP1CON   0x000fbd       data     extern C:\MCC18\src\extended\proc\p18f67j10.asm
                   CCPR1L   0x000fbe       data     extern C:\MCC18\src\extended\proc\p18f67j10.asm
                    CCPR1   0x000fbe       data     extern C:\MCC18\src\extended\proc\p18f67j10.asm
                   CCPR1H   0x000fbf       data     extern C:\MCC18\src\extended\proc\p18f67j10.asm
                   ADCON2   0x000fc0       data     extern C:\MCC18\src\extended\proc\p18f67j10.asm
               ADCON2bits   0x000fc0       data     extern C:\MCC18\src\extended\proc\p18f67j10.asm
               ADCON1bits   0x000fc1       data     extern C:\MCC18\src\extended\proc\p18f67j10.asm
                   ADCON1   0x000fc1       data     extern C:\MCC18\src\extended\proc\p18f67j10.asm
               ADCON0bits   0x000fc2       data     extern C:\MCC18\src\extended\proc\p18f67j10.asm
                   ADCON0   0x000fc2       data     extern C:\MCC18\src\extended\proc\p18f67j10.asm
                    ADRES   0x000fc3       data     extern C:\MCC18\src\extended\proc\p18f67j10.asm
                   ADRESL   0x000fc3       data     extern C:\MCC18\src\extended\proc\p18f67j10.asm
                   ADRESH   0x000fc4       data     extern C:\MCC18\src\extended\proc\p18f67j10.asm
              SSPCON2bits   0x000fc5       data     extern C:\MCC18\src\extended\proc\p18f67j10.asm
                 SSP1CON2   0x000fc5       data     extern C:\MCC18\src\extended\proc\p18f67j10.asm
             SSP1CON2bits   0x000fc5       data     extern C:\MCC18\src\extended\proc\p18f67j10.asm
                  SSPCON2   0x000fc5       data     extern C:\MCC18\src\extended\proc\p18f67j10.asm
                 SSP1CON1   0x000fc6       data     extern C:\MCC18\src\extended\proc\p18f67j10.asm
             SSP1CON1bits   0x000fc6       data     extern C:\MCC18\src\extended\proc\p18f67j10.asm
              SSPCON1bits   0x000fc6       data     extern C:\MCC18\src\extended\proc\p18f67j10.asm
                  SSPCON1   0x000fc6       data     extern C:\MCC18\src\extended\proc\p18f67j10.asm
              SSPSTATbits   0x000fc7       data     extern C:\MCC18\src\extended\proc\p18f67j10.asm
                  SSPSTAT   0x000fc7       data     extern C:\MCC18\src\extended\proc\p18f67j10.asm
             SSP1STATbits   0x000fc7       data     extern C:\MCC18\src\extended\proc\p18f67j10.asm
                 SSP1STAT   0x000fc7       data     extern C:\MCC18\src\extended\proc\p18f67j10.asm
                   SSPADD   0x000fc8       data     extern C:\MCC18\src\extended\proc\p18f67j10.asm
                  SSP1ADD   0x000fc8       data     extern C:\MCC18\src\extended\proc\p18f67j10.asm
                   SSPBUF   0x000fc9       data     extern C:\MCC18\src\extended\proc\p18f67j10.asm
                  SSP1BUF   0x000fc9       data     extern C:\MCC18\src\extended\proc\p18f67j10.asm
                T2CONbits   0x000fca       data     extern C:\MCC18\src\extended\proc\p18f67j10.asm
                    T2CON   0x000fca       data     extern C:\MCC18\src\extended\proc\p18f67j10.asm
                      PR2   0x000fcb       data     extern C:\MCC18\src\extended\proc\p18f67j10.asm
                     TMR2   0x000fcc       data     extern C:\MCC18\src\extended\proc\p18f67j10.asm
                    T1CON   0x000fcd       data     extern C:\MCC18\src\extended\proc\p18f67j10.asm
                T1CONbits   0x000fcd       data     extern C:\MCC18\src\extended\proc\p18f67j10.asm
                    TMR1L   0x000fce       data     extern C:\MCC18\src\extended\proc\p18f67j10.asm
                    TMR1H   0x000fcf       data     extern C:\MCC18\src\extended\proc\p18f67j10.asm
                     RCON   0x000fd0       data     extern C:\MCC18\src\extended\proc\p18f67j10.asm
                 RCONbits   0x000fd0       data     extern C:\MCC18\src\extended\proc\p18f67j10.asm
               WDTCONbits   0x000fd1       data     extern C:\MCC18\src\extended\proc\p18f67j10.asm
                   WDTCON   0x000fd1       data     extern C:\MCC18\src\extended\proc\p18f67j10.asm
               OSCCONbits   0x000fd3       data     extern C:\MCC18\src\extended\proc\p18f67j10.asm
                   OSCCON   0x000fd3       data     extern C:\MCC18\src\extended\proc\p18f67j10.asm
                T0CONbits   0x000fd5       data     extern C:\MCC18\src\extended\proc\p18f67j10.asm
                    T0CON   0x000fd5       data     extern C:\MCC18\src\extended\proc\p18f67j10.asm
                    TMR0L   0x000fd6       data     extern C:\MCC18\src\extended\proc\p18f67j10.asm
                    TMR0H   0x000fd7       data     extern C:\MCC18\src\extended\proc\p18f67j10.asm
               STATUSbits   0x000fd8       data     extern C:\MCC18\src\extended\proc\p18f67j10.asm
                   STATUS   0x000fd8       data     extern C:\MCC18\src\extended\proc\p18f67j10.asm
                     FSR2   0x000fd9       data     extern C:\MCC18\src\extended\proc\p18f67j10.asm
                    FSR2L   0x000fd9       data     extern C:\MCC18\src\extended\proc\p18f67j10.asm
                    FSR2H   0x000fda       data     extern C:\MCC18\src\extended\proc\p18f67j10.asm
                   PLUSW2   0x000fdb       data     extern C:\MCC18\src\extended\proc\p18f67j10.asm
                  PREINC2   0x000fdc       data     extern C:\MCC18\src\extended\proc\p18f67j10.asm
                 POSTDEC2   0x000fdd       data     extern C:\MCC18\src\extended\proc\p18f67j10.asm
                 POSTINC2   0x000fde       data     extern C:\MCC18\src\extended\proc\p18f67j10.asm
                    INDF2   0x000fdf       data     extern C:\MCC18\src\extended\proc\p18f67j10.asm
                      BSR   0x000fe0       data     extern C:\MCC18\src\extended\proc\p18f67j10.asm
                     FSR1   0x000fe1       data     extern C:\MCC18\src\extended\proc\p18f67j10.asm
                    FSR1L   0x000fe1       data     extern C:\MCC18\src\extended\proc\p18f67j10.asm
                    FSR1H   0x000fe2       data     extern C:\MCC18\src\extended\proc\p18f67j10.asm
                   PLUSW1   0x000fe3       data     extern C:\MCC18\src\extended\proc\p18f67j10.asm
                  PREINC1   0x000fe4       data     extern C:\MCC18\src\extended\proc\p18f67j10.asm
                 POSTDEC1   0x000fe5       data     extern C:\MCC18\src\extended\proc\p18f67j10.asm
                 POSTINC1   0x000fe6       data     extern C:\MCC18\src\extended\proc\p18f67j10.asm
                    INDF1   0x000fe7       data     extern C:\MCC18\src\extended\proc\p18f67j10.asm
                     WREG   0x000fe8       data     extern C:\MCC18\src\extended\proc\p18f67j10.asm
                    FSR0L   0x000fe9       data     extern C:\MCC18\src\extended\proc\p18f67j10.asm
                     FSR0   0x000fe9       data     extern C:\MCC18\src\extended\proc\p18f67j10.asm
                    FSR0H   0x000fea       data     extern C:\MCC18\src\extended\proc\p18f67j10.asm
                   PLUSW0   0x000feb       data     extern C:\MCC18\src\extended\proc\p18f67j10.asm
                  PREINC0   0x000fec       data     extern C:\MCC18\src\extended\proc\p18f67j10.asm
                 POSTDEC0   0x000fed       data     extern C:\MCC18\src\extended\proc\p18f67j10.asm
                 POSTINC0   0x000fee       data     extern C:\MCC18\src\extended\proc\p18f67j10.asm
                    INDF0   0x000fef       data     extern C:\MCC18\src\extended\proc\p18f67j10.asm
                  INTCON3   0x000ff0       data     extern C:\MCC18\src\extended\proc\p18f67j10.asm
              INTCON3bits   0x000ff0       data     extern C:\MCC18\src\extended\proc\p18f67j10.asm
              INTCON2bits   0x000ff1       data     extern C:\MCC18\src\extended\proc\p18f67j10.asm
                  INTCON2   0x000ff1       data     extern C:\MCC18\src\extended\proc\p18f67j10.asm
                   INTCON   0x000ff2       data     extern C:\MCC18\src\extended\proc\p18f67j10.asm
               INTCONbits   0x000ff2       data     extern C:\MCC18\src\extended\proc\p18f67j10.asm
                     PROD   0x000ff3       data     extern C:\MCC18\src\extended\proc\p18f67j10.asm
                    PRODL   0x000ff3       data     extern C:\MCC18\src\extended\proc\p18f67j10.asm
                    PRODH   0x000ff4       data     extern C:\MCC18\src\extended\proc\p18f67j10.asm
                   TABLAT   0x000ff5       data     extern C:\MCC18\src\extended\proc\p18f67j10.asm
                   TBLPTR   0x000ff6       data     extern C:\MCC18\src\extended\proc\p18f67j10.asm
                  TBLPTRL   0x000ff6       data     extern C:\MCC18\src\extended\proc\p18f67j10.asm
                  TBLPTRH   0x000ff7       data     extern C:\MCC18\src\extended\proc\p18f67j10.asm
                  TBLPTRU   0x000ff8       data     extern C:\MCC18\src\extended\proc\p18f67j10.asm
                      PCL   0x000ff9       data     extern C:\MCC18\src\extended\proc\p18f67j10.asm
                       PC   0x000ff9       data     extern C:\MCC18\src\extended\proc\p18f67j10.asm
                   PCLATH   0x000ffa       data     extern C:\MCC18\src\extended\proc\p18f67j10.asm
                   PCLATU   0x000ffb       data     extern C:\MCC18\src\extended\proc\p18f67j10.asm
                   STKPTR   0x000ffc       data     extern C:\MCC18\src\extended\proc\p18f67j10.asm
               STKPTRbits   0x000ffc       data     extern C:\MCC18\src\extended\proc\p18f67j10.asm
                      TOS   0x000ffd       data     extern C:\MCC18\src\extended\proc\p18f67j10.asm
                     TOSL   0x000ffd       data     extern C:\MCC18\src\extended\proc\p18f67j10.asm
                     TOSH   0x000ffe       data     extern C:\MCC18\src\extended\proc\p18f67j10.asm
                     TOSU   0x000fff       data     extern C:\MCC18\src\extended\proc\p18f67j10.asm


