MPLINK 4.13, Linker
Linker Map File - Created Sat Apr 28 15:39:29 2018

                                 Section Info
                  Section       Type    Address   Location Size(Bytes)
                ---------  ---------  ---------  ---------  ---------
             _loader_vals    romdata   0x008000    program   0x000008
              high_vector       code   0x008008    program   0x000006
                _code_ver    romdata   0x008010    program   0x000006
               low_vector       code   0x008018    program   0x000006
             _startup_scn       code   0x008030    program   0x00000c
                   .cinit    romdata   0x00803c    program   0x00004a
     .code_SysBluetooth.o       code   0x008086    program   0x0023ce
       .code_AppBattest.o       code   0x00a454    program   0x001104
       .code_SysDisplay.o       code   0x00b558    program   0x000a86
  .romdata_DatFont12x16.o    romdata   0x00bfde    program   0x000918
      .code_AppCalibrat.o       code   0x00c8f6    program   0x000802
         .code_SelfTest.o       code   0x00d0f8    program   0x000632
       .code_AppStartUp.o       code   0x00d72a    program   0x000620
.code_DrvUsart_18F67J10.o       code   0x00dd4a    program   0x000610
      .code_AppBatQuest.o       code   0x00e35a    program   0x0005b4
   .romdata_DatFont6x16.o    romdata   0x00e90e    program   0x000474
    .romdata_AppCurvePN.o    romdata   0x00ed82    program   0x00044a
  .romdata_SysBluetooth.o    romdata   0x00f1cc    program   0x00042a
          .code_AppMain.o       code   0x00f5f6    program   0x000400
       .code_AppUtility.o       code   0x00f9f6    program   0x0003a2
.code_DrvLCD_OPTO1140GG.o       code   0x00fd98    program   0x00036a
                     PROG       code   0x010102    program   0x00033a
           .code_DrvCca.o       code   0x01043c    program   0x00030e
     .code_SysCalibrate.o       code   0x01074a    program   0x0002ee
.romdata_DatDictStandard.o    romdata   0x010a38    program   0x0002e8
  .code_DrvInt_18F67J10.o       code   0x010d20    program   0x0002be
.code_DrvEeprom_25AA320.o       code   0x010fde    program   0x0002ba
  .romdata_DatDictAsian.o    romdata   0x011298    program   0x0002b2
                   STRING       code   0x01154a    program   0x00025a
       .code_SysVoltage.o       code   0x0117a4    program   0x00025a
.code_DrvTimer_18F67J10.o       code   0x0119fe    program   0x000236
    .romdata_SysGraphic.o    romdata   0x011c34    program   0x000200
     .code_AppBluetooth.o       code   0x011e34    program   0x000200
    .romdata_SysFont6x8.o    romdata   0x012034    program   0x0001e0
         .code_AppError.o       code   0x012214    program   0x000114
        .code_AppStates.o       code   0x012328    program   0x0000ae
               _cinit_scn       code   0x0123d6    program   0x00009e
  .code_DrvAdc_18F67J10.o       code   0x012474    program   0x00009c
       .code_SysGraphic.o       code   0x012510    program   0x000094
             .stringtable    romdata   0x0125a4    program   0x00006e
           .code_DrvKey.o       code   0x012612    program   0x000062
  .code_DrvSsp_18F67J10.o       code   0x012674    program   0x000040
             D10KTCYXCODE       code   0x0126b4    program   0x000036
   .code_DrvConfigBoard.o       code   0x0126ea    program   0x00002e
      .romdata_SelfTest.o    romdata   0x012718    program   0x000021
    .romdata_SysVoltage.o    romdata   0x012739    program   0x000000
        .romdata_DrvKey.o    romdata   0x012739    program   0x000000
    .idata_SysVoltage.o_i    romdata   0x012739    program   0x000000
.idata_DrvTimer_18F67J10.o_i    romdata   0x012739    program   0x000000
.romdata_DrvTimer_18F67J10.o    romdata   0x012739    program   0x000000
    .idata_SysGraphic.o_i    romdata   0x012739    program   0x000000
.idata_DrvUsart_18F67J10.o_i    romdata   0x012739    program   0x000000
.romdata_DrvUsart_18F67J10.o    romdata   0x012739    program   0x000000
   .idata_DatFont6x16.o_i    romdata   0x012739    program   0x000000
.idata_DrvLCD_OPTO1140GG.o_i    romdata   0x012739    program   0x000000
.romdata_DrvLCD_OPTO1140GG.o    romdata   0x012739    program   0x000000
  .idata_DatFont12x16.o_i    romdata   0x012739    program   0x000000
.idata_DrvSsp_18F67J10.o_i    romdata   0x012739    program   0x000000
.romdata_DrvSsp_18F67J10.o    romdata   0x012739    program   0x000000
    .idata_SysFont6x8.o_i    romdata   0x012739    program   0x000000
.idata_DrvEeprom_25AA320.o_i    romdata   0x012739    program   0x000000
.romdata_DrvEeprom_25AA320.o    romdata   0x012739    program   0x000000
.idata_DatDictStandard.o_i    romdata   0x012739    program   0x000000
    .idata_DrvPan1026.o_i    romdata   0x012739    program   0x000000
    .romdata_DrvPan1026.o    romdata   0x012739    program   0x000000
.idata_DrvInt_18F67J10.o_i    romdata   0x012739    program   0x000000
.romdata_DrvInt_18F67J10.o    romdata   0x012739    program   0x000000
  .idata_DatDictAsian.o_i    romdata   0x012739    program   0x000000
  .romdata_SysCalibrate.o    romdata   0x012739    program   0x000000
  .idata_SysCalibrate.o_i    romdata   0x012739    program   0x000000
    .idata_SysDisplay.o_i    romdata   0x012739    program   0x000000
     .romdata_AppEEData.o    romdata   0x012739    program   0x000000
     .idata_AppEEData.o_i    romdata   0x012739    program   0x000000
   .romdata_AppBatQuest.o    romdata   0x012739    program   0x000000
   .idata_AppBatQuest.o_i    romdata   0x012739    program   0x000000
    .romdata_AppBattest.o    romdata   0x012739    program   0x000000
  .romdata_AppBluetooth.o    romdata   0x012739    program   0x000000
    .romdata_AppStartUp.o    romdata   0x012739    program   0x000000
   .romdata_AppCalibrat.o    romdata   0x012739    program   0x000000
   .idata_AppCalibrat.o_i    romdata   0x012739    program   0x000000
      .romdata_AppError.o    romdata   0x012739    program   0x000000
      .idata_AppError.o_i    romdata   0x012739    program   0x000000
       .romdata_AppData.o    romdata   0x012739    program   0x000000
     .romdata_AppStates.o    romdata   0x012739    program   0x000000
     .idata_AppStates.o_i    romdata   0x012739    program   0x000000
    .romdata_AppUtility.o    romdata   0x012739    program   0x000000
    .idata_AppUtility.o_i    romdata   0x012739    program   0x000000
    .idata_AppCurvePN.o_i    romdata   0x012739    program   0x000000
       .romdata_AppMain.o    romdata   0x012739    program   0x000000
       .idata_AppMain.o_i    romdata   0x012739    program   0x000000
        .romdata_c018_e.o    romdata   0x012739    program   0x000000
        .idata_c018_e.o_i    romdata   0x012739    program   0x000000
        .romdata_DrvCca.o    romdata   0x012739    program   0x000000
    .idata_DrvMdxP600.o_i    romdata   0x012739    program   0x000000
        .idata_DrvCca.o_i    romdata   0x012739    program   0x000000
    .romdata_DrvMdxP600.o    romdata   0x012739    program   0x000000
       .idata_DrvLoad.o_i    romdata   0x012739    program   0x000000
       .romdata_DrvLoad.o    romdata   0x012739    program   0x000000
.idata_DrvConfigBoard.o_i    romdata   0x012739    program   0x000000
.romdata_DrvConfigBoard.o    romdata   0x012739    program   0x000000
.idata_DrvAdc_18F67J10.o_i    romdata   0x012739    program   0x000000
.romdata_DrvAdc_18F67J10.o    romdata   0x012739    program   0x000000
        .idata_DrvKey.o_i    romdata   0x012739    program   0x000000
     .code_DatFont12x16.o       code   0x01273a    program   0x000000
       .code_AppCurvePN.o       code   0x01273a    program   0x000000
  .code_DatDictStandard.o       code   0x01273a    program   0x000000
     .code_DatDictAsian.o       code   0x01273a    program   0x000000
      .code_DatFont6x16.o       code   0x01273a    program   0x000000
          .code_AppData.o       code   0x01273a    program   0x000000
           .code_c018_e.o       code   0x01273a    program   0x000000
       .code_SysFont6x8.o       code   0x01273a    program   0x000000
        .code_AppEEData.o       code   0x01273a    program   0x000000
       .code_DrvPan1026.o       code   0x01273a    program   0x000020
    .romdata_SysDisplay.o    romdata   0x01275a    program   0x000018
          .code_DrvLoad.o       code   0x012772    program   0x00000e
                    .code       code   0x012780    program   0x00000e
       .code_DrvMdxP600.o       code   0x01278e    program   0x000004
  .idata_SysBluetooth.o_i    romdata   0x012792    program   0x000026
      .idata_SelfTest.o_i    romdata   0x0127b8    program   0x00008c
    .idata_AppStartUp.o_i    romdata   0x012844    program   0x000034
       .idata_AppData.o_i    romdata   0x012878    program   0x000023
  .idata_AppBluetooth.o_i    romdata   0x01289b    program   0x000006
    .idata_AppBattest.o_i    romdata   0x0128a1    program   0x000018
             EE_RESERVED1    romdata   0x600000    program   0x000010
            EECAL_FACTORS    romdata   0x600040    program   0x00000e
             EE_GlobalFlg    romdata   0x600058    program   0x000001
               EE_AppData    romdata   0x600060    program   0x000004
               EE_AppSNum    romdata   0x600070    program   0x00000b
           EE_BatteryData    romdata   0x600100    program   0x000014
            EE_BoolthData    romdata   0x600300    program   0x0000e6
                EE_EEDATA    romdata   0x600600    program   0x0009f0
             EE_RESERVED2    romdata   0x600ff0    program   0x000010
    .idata_SysBluetooth.o      idata   0x000000       data   0x000026
         .idata_AppData.o      idata   0x000026       data   0x000023
.udata_DrvTimer_18F67J10.o      udata   0x000049       data   0x000010
                MATH_DATA      udata   0x000059       data   0x000004
                DELAYDAT1      udata   0x00005d       data   0x000001
        .udata_SelfTest.o      udata   0x00005e       data   0x000001
      .udata_AppStartUp.o      udata   0x00005f       data   0x000001
      .idata_AppBattest.o      idata   0x000060       data   0x000018
     .udata_AppCalibrat.o      udata   0x000078       data   0x000010
                 .tmpdata      udata   0x000088       data   0x00000c
          .udata_c018_e.o      udata   0x000094       data   0x00000a
          .udata_DrvKey.o      udata   0x00009e       data   0x000004
         .udata_AppMain.o      udata   0x000100       data   0x0000c9
      .idata_AppStartUp.o      idata   0x0001c9       data   0x000034
      .udata_SysGraphic.o      udata   0x0001fd       data   0x000000
      .idata_SysVoltage.o      idata   0x0001fd       data   0x000000
      .udata_SysVoltage.o      udata   0x0001fd       data   0x000000
         .idata_AppMain.o      idata   0x0001fd       data   0x000000
 .idata_DrvInt_18F67J10.o      idata   0x0001fd       data   0x000000
 .udata_DrvInt_18F67J10.o      udata   0x0001fd       data   0x000000
      .idata_DrvPan1026.o      idata   0x0001fd       data   0x000000
      .udata_DrvPan1026.o      udata   0x0001fd       data   0x000000
.idata_DrvEeprom_25AA320.o      idata   0x0001fd       data   0x000000
.udata_DrvEeprom_25AA320.o      udata   0x0001fd       data   0x000000
 .idata_DrvSsp_18F67J10.o      idata   0x0001fd       data   0x000000
 .udata_DrvSsp_18F67J10.o      udata   0x0001fd       data   0x000000
.idata_DrvLCD_OPTO1140GG.o      idata   0x0001fd       data   0x000000
.udata_DrvLCD_OPTO1140GG.o      udata   0x0001fd       data   0x000000
.idata_DrvUsart_18F67J10.o      idata   0x0001fd       data   0x000000
      .idata_SysGraphic.o      idata   0x0001fd       data   0x000000
      .udata_SysFont6x8.o      udata   0x0001fd       data   0x000000
      .idata_SysFont6x8.o      idata   0x0001fd       data   0x000000
      .udata_SysDisplay.o      udata   0x0001fd       data   0x000000
      .idata_SysDisplay.o      idata   0x0001fd       data   0x000000
    .udata_SysCalibrate.o      udata   0x0001fd       data   0x000000
    .idata_SysCalibrate.o      idata   0x0001fd       data   0x000000
    .udata_DatDictAsian.o      udata   0x0001fd       data   0x000000
    .idata_DatDictAsian.o      idata   0x0001fd       data   0x000000
 .udata_DatDictStandard.o      udata   0x0001fd       data   0x000000
 .idata_DatDictStandard.o      idata   0x0001fd       data   0x000000
    .udata_DatFont12x16.o      udata   0x0001fd       data   0x000000
    .idata_DatFont12x16.o      idata   0x0001fd       data   0x000000
     .udata_DatFont6x16.o      udata   0x0001fd       data   0x000000
     .idata_DatFont6x16.o      idata   0x0001fd       data   0x000000
          .idata_c018_e.o      idata   0x0001fd       data   0x000000
        .idata_AppError.o      idata   0x0001fd       data   0x000000
      .idata_AppUtility.o      idata   0x0001fd       data   0x000000
     .idata_AppCalibrat.o      idata   0x0001fd       data   0x000000
      .udata_AppUtility.o      udata   0x0001fd       data   0x000000
        .udata_AppError.o      udata   0x0001fd       data   0x000000
       .udata_AppStates.o      udata   0x0001fd       data   0x000000
      .idata_AppCurvePN.o      idata   0x0001fd       data   0x000000
     .udata_AppBatQuest.o      udata   0x0001fd       data   0x000000
     .idata_AppBatQuest.o      idata   0x0001fd       data   0x000000
       .udata_AppEEData.o      udata   0x0001fd       data   0x000000
       .idata_AppEEData.o      idata   0x0001fd       data   0x000000
          .idata_DrvCca.o      idata   0x0001fd       data   0x000000
      .udata_DrvMdxP600.o      udata   0x0001fd       data   0x000000
      .idata_DrvMdxP600.o      idata   0x0001fd       data   0x000000
       .idata_AppStates.o      idata   0x0001fd       data   0x000000
         .udata_DrvLoad.o      udata   0x0001fd       data   0x000000
         .idata_DrvLoad.o      idata   0x0001fd       data   0x000000
  .udata_DrvConfigBoard.o      udata   0x0001fd       data   0x000000
  .idata_DrvConfigBoard.o      idata   0x0001fd       data   0x000000
 .udata_DrvAdc_18F67J10.o      udata   0x0001fd       data   0x000000
 .idata_DrvAdc_18F67J10.o      idata   0x0001fd       data   0x000000
      .udata_AppCurvePN.o      udata   0x0001fd       data   0x000000
          .idata_DrvKey.o      idata   0x0001fd       data   0x000000
.idata_DrvTimer_18F67J10.o      idata   0x0001fd       data   0x000000
         .udata_AppData.o      udata   0x000a00       data   0x000173
        .idata_SelfTest.o      idata   0x000b73       data   0x00008c
                DELAYDAT2      udata   0x000bff       data   0x000001
                   .stack      udata   0x000d00       data   0x000100
             GlobalBuffer      udata   0x000e00       data   0x0000de
.udata_DrvUsart_18F67J10.o      udata   0x000ede       data   0x000010
    .idata_AppBluetooth.o      idata   0x000eee       data   0x000006
    .udata_SysBluetooth.o      udata   0x000f00       data   0x000022
          .udata_DrvCca.o      udata   0x000f22       data   0x000022
    .udata_AppBluetooth.o      udata   0x000f44       data   0x00001a
      .udata_AppBattest.o      udata   0x000f5e       data   0x000002
            SFR_UNBANKED0      udata   0x000f62       data   0x00009e



                              Program Memory Usage 
                               Start         End      
                           ---------   ---------      
                            0x008000    0x00800d      
                            0x008010    0x008015      
                            0x008018    0x00801d      
                            0x008030    0x012738      
                            0x01273a    0x0128b8      
                            0x600000    0x60000f      
                            0x600040    0x60004d      
                            0x600058    0x600058      
                            0x600060    0x600063      
                            0x600070    0x60007a      
                            0x600100    0x600113      
                            0x600300    0x6003e5      
                            0x600600    0x600fff      
            46026 out of 102298 program addresses used, program memory utilization is 44%



                              Symbols - Sorted by Name
                     Name    Address   Location    Storage File                     
                ---------  ---------  ---------  --------- ---------                
             AppBatNumber   0x00e71c    program     extern C:\CBT\CBT-350 Development\Applications\Standard\AppBatQuest.c
       AppCheckSerialPort   0x00e05e    program     extern C:\CBT\CBT-350 Development\Drivers\Standard\DrvUsart_18F67J10.c
        AppCommissionTool   0x00ce42    program     extern C:\CBT\CBT-350 Development\Applications\Standard\AppCalibrat.c
       AppControlIputInit   0x00dbdc    program     extern C:\CBT\CBT-350 Development\Applications\Standard\AppStartUp.c
         AppControlStatus   0x00be10    program     extern C:\CBT\CBT-350 Development\System\Standard\SysDisplay.c
                  AppInit   0x00f5f6    program     extern C:\CBT\CBT-350 Development\Applications\Standard\AppMain.c
                  AppMain   0x00f750    program     extern C:\CBT\CBT-350 Development\Applications\Standard\AppMain.c
          BTAdjustAddress   0x00f501    program     extern C:\CBT\CBT-350 Development\System\Standard\SysBluetooth.c
            BTClearBuffer   0x00f56e    program     extern C:\CBT\CBT-350 Development\System\Standard\SysBluetooth.c
                BTConDone   0x00f558    program     extern C:\CBT\CBT-350 Development\System\Standard\SysBluetooth.c
             BTConnAccept   0x00f52b    program     extern C:\CBT\CBT-350 Development\System\Standard\SysBluetooth.c
        BTConnectComplete   0x00f5c9    program     extern C:\CBT\CBT-350 Development\System\Standard\SysBluetooth.c
             BTConnecting   0x00f54a    program     extern C:\CBT\CBT-350 Development\System\Standard\SysBluetooth.c
             BTDisConnect   0x00f564    program     extern C:\CBT\CBT-350 Development\System\Standard\SysBluetooth.c
             BTDisconnect   0x00f59f    program     extern C:\CBT\CBT-350 Development\System\Standard\SysBluetooth.c
               BTPairChar   0x00f53a    program     extern C:\CBT\CBT-350 Development\System\Standard\SysBluetooth.c
             BTPleaseWait   0x00f510    program     extern C:\CBT\CBT-350 Development\System\Standard\SysBluetooth.c
              BTReadyChar   0x00f507    program     extern C:\CBT\CBT-350 Development\System\Standard\SysBluetooth.c
          BTRecievingConn   0x00f51c    program     extern C:\CBT\CBT-350 Development\System\Standard\SysBluetooth.c
         BTRecivedLinkKey   0x00f58e    program     extern C:\CBT\CBT-350 Development\System\Standard\SysBluetooth.c
          BTRemoteCapsRec   0x00f57e    program     extern C:\CBT\CBT-350 Development\System\Standard\SysBluetooth.c
          BTSPPConnecting   0x00f5aa    program     extern C:\CBT\CBT-350 Development\System\Standard\SysBluetooth.c
        BTSPPSendDataDone   0x00f5b9    program     extern C:\CBT\CBT-350 Development\System\Standard\SysBluetooth.c
               BTSendData   0x011e34    program     extern C:\CBT\CBT-350 Development\Applications\Standard\AppBluetooth.c
              BTTestState   0x00d666    program     extern C:\CBT\CBT-350 Development\Applications\Standard\SelfTest.c
   BatteryConductanceTest   0x00b088    program     extern C:\CBT\CBT-350 Development\Applications\Standard\AppBattest.c
       BatteryRatingState   0x00e46c    program     extern C:\CBT\CBT-350 Development\Applications\Standard\AppBatQuest.c
    BatterySendDataFinish   0x00f5e6    program     extern C:\CBT\CBT-350 Development\System\Standard\SysBluetooth.c
       BatteryTestInitial   0x00f5d6    program     extern C:\CBT\CBT-350 Development\System\Standard\SysBluetooth.c
         BatteryTestState   0x00a454    program     extern C:\CBT\CBT-350 Development\Applications\Standard\AppBattest.c
         BatteryTypeState   0x00e596    program     extern C:\CBT\CBT-350 Development\Applications\Standard\AppBatQuest.c
           BlueToothState   0x011f20    program     extern C:\CBT\CBT-350 Development\Applications\Standard\AppBluetooth.c
    BlueToothStatemachine   0x008086    program     extern C:\CBT\CBT-350 Development\System\Standard\SysBluetooth.c
       CalFactorsCheckSum   0x00fa6a    program     extern C:\CBT\CBT-350 Development\Applications\Standard\AppUtility.c
                 CalState   0x00c8f6    program     extern C:\CBT\CBT-350 Development\Applications\Standard\AppCalibrat.c
          CheckConnection   0x012214    program     extern C:\CBT\CBT-350 Development\Applications\Standard\AppError.c
             Clear_Screen   0x00fe68    program     extern C:\CBT\CBT-350 Development\Drivers\Standard\DrvLCD_OPTO1140GG.c
                    Curve   0x00ed82    program     extern C:\CBT\CBT-350 Development\Applications\Standard\AppCurvePN.c
                   D10K_1   0x0126c4    program     static C:\MCC18\SRC\EXTENDED\DELAYS\d10ktcyx.asm
                    D10Kl   0x0126d2    program     static C:\MCC18\SRC\EXTENDED\DELAYS\d10ktcyx.asm
                    D10Kx   0x0126c0    program     static C:\MCC18\SRC\EXTENDED\DELAYS\d10ktcyx.asm
                   D3232S   0x0101ca    program     static C:\MCC18\SRC\EXTENDED\MATH\div32s.asm
                D3232SNEG   0x0101d8    program     static C:\MCC18\SRC\EXTENDED\MATH\div32s.asm
                 D3232SOK   0x0101d4    program     static C:\MCC18\SRC\EXTENDED\MATH\div32s.asm
                D3232SPOS   0x0101f6    program     static C:\MCC18\SRC\EXTENDED\MATH\div32s.asm
                  D3232SX   0x01022c    program     static C:\MCC18\SRC\EXTENDED\MATH\div32s.asm
                  DA3232S   0x0101b4    program     static C:\MCC18\SRC\EXTENDED\MATH\div32s.asm
           DOWN_ARROW_8X8   0x012762    program     extern C:\CBT\CBT-350 Development\System\Standard\SysDisplay.c
             Delay10KTCYx   0x0126b4    program     extern C:\MCC18\SRC\EXTENDED\DELAYS\d10ktcyx.asm
                 DelayXms   0x00fdd6    program     extern C:\CBT\CBT-350 Development\Drivers\Standard\DrvLCD_OPTO1140GG.c
                 DelayXus   0x00fda6    program     extern C:\CBT\CBT-350 Development\Drivers\Standard\DrvLCD_OPTO1140GG.c
         DictAsianStrings   0x0112fe    program     extern C:\CBT\CBT-350 Development\Data\Standard\DatDictAsian.c
            DictSCOffsets   0x011298    program     extern C:\CBT\CBT-350 Development\Data\Standard\DatDictAsian.c
      DictStandardStrings   0x010a9e    program     extern C:\CBT\CBT-350 Development\Data\Standard\DatDictStandard.c
            DictUsOffsets   0x010a38    program     extern C:\CBT\CBT-350 Development\Data\Standard\DatDictStandard.c
          DisplayBatJISNB   0x00e35a    program     extern C:\CBT\CBT-350 Development\Applications\Standard\AppBatQuest.c
     DisplayControlString   0x00dc12    program     extern C:\CBT\CBT-350 Development\Applications\Standard\AppStartUp.c
          DisplayLanguage   0x00d908    program     extern C:\CBT\CBT-350 Development\Applications\Standard\AppStartUp.c
            DisplayRating   0x00e3ee    program     extern C:\CBT\CBT-350 Development\Applications\Standard\AppBatQuest.c
            DisplayRePair   0x011ef2    program     extern C:\CBT\CBT-350 Development\Applications\Standard\AppBluetooth.c
          DisplayString_S   0x00bcf0    program     extern C:\CBT\CBT-350 Development\System\Standard\SysDisplay.c
              DisplayType   0x00e43e    program     extern C:\CBT\CBT-350 Development\Applications\Standard\AppBatQuest.c
    Display_Graphic_12X16   0x01001c    program     extern C:\CBT\CBT-350 Development\Drivers\Standard\DrvLCD_OPTO1140GG.c
     Display_Graphic_6X16   0x00ffb6    program     extern C:\CBT\CBT-350 Development\Drivers\Standard\DrvLCD_OPTO1140GG.c
      Display_Graphic_6X8   0x01006c    program     extern C:\CBT\CBT-350 Development\Drivers\Standard\DrvLCD_OPTO1140GG.c
      Display_Graphic_8X8   0x00ff74    program     extern C:\CBT\CBT-350 Development\Drivers\Standard\DrvLCD_OPTO1140GG.c
               DrvAdcInit   0x012474    program     extern C:\CBT\CBT-350 Development\Drivers\Standard\DrvAdc_18F67J10.c
               DrvAdcRead   0x0124cc    program     extern C:\CBT\CBT-350 Development\Drivers\Standard\DrvAdc_18F67J10.c
            DrvCBT300Init   0x01278e    program     extern C:\CBT\CBT-350 Development\Drivers\Standard\DrvMdxP600.c
                DrvCcaIsr   0x01043c    program     extern C:\CBT\CBT-350 Development\Drivers\Standard\DrvCca.c
              DrvCcaStart   0x0106d4    program     extern C:\CBT\CBT-350 Development\Drivers\Standard\DrvCca.c
               DrvCcaStop   0x01073a    program     extern C:\CBT\CBT-350 Development\Drivers\Standard\DrvCca.c
        DrvConfigBoardGet   0x0126f2    program     extern C:\CBT\CBT-350 Development\Drivers\Standard\DrvConfigBoard.c
       DrvConfigBoardInit   0x0126ea    program     extern C:\CBT\CBT-350 Development\Drivers\Standard\DrvConfigBoard.c
            DrvEepromInit   0x01109a    program     extern C:\CBT\CBT-350 Development\Drivers\Standard\DrvEeprom_25AA320.c
            DrvEepromRead   0x0110b0    program     extern C:\CBT\CBT-350 Development\Drivers\Standard\DrvEeprom_25AA320.c
          DrvEepromVerify   0x011136    program     extern C:\CBT\CBT-350 Development\Drivers\Standard\DrvEeprom_25AA320.c
           DrvEepromWrite   0x0111be    program     extern C:\CBT\CBT-350 Development\Drivers\Standard\DrvEeprom_25AA320.c
  DrvEepromWriteAndVerify   0x011250    program     extern C:\CBT\CBT-350 Development\Drivers\Standard\DrvEeprom_25AA320.c
          DrvEnableTimer1   0x011c02    program     extern C:\CBT\CBT-350 Development\Drivers\Standard\DrvTimer_18F67J10.c
             DrvIntEnable   0x010f36    program     extern C:\CBT\CBT-350 Development\Drivers\Standard\DrvInt_18F67J10.c
               DrvIntInit   0x010eee    program     extern C:\CBT\CBT-350 Development\Drivers\Standard\DrvInt_18F67J10.c
            DrvIntIsrHigh   0x010d20    program     extern C:\CBT\CBT-350 Development\Drivers\Standard\DrvInt_18F67J10.c
             DrvIntIsrLow   0x010de4    program     extern C:\CBT\CBT-350 Development\Drivers\Standard\DrvInt_18F67J10.c
         DrvIntVectorHigh   0x008008    program     extern C:\CBT\CBT-350 Development\Drivers\Standard\DrvInt_18F67J10.c
          DrvIntVectorLow   0x008018    program     extern C:\CBT\CBT-350 Development\Drivers\Standard\DrvInt_18F67J10.c
               DrvKeyInit   0x012612    program     extern C:\CBT\CBT-350 Development\Drivers\Standard\DrvKey.c
              DrvLoadInit   0x012772    program     extern C:\CBT\CBT-350 Development\Drivers\Standard\DrvLoad.c
               DrvLoadOff   0x01277c    program     extern C:\CBT\CBT-350 Development\Drivers\Standard\DrvLoad.c
                DrvLoadOn   0x012778    program     extern C:\CBT\CBT-350 Development\Drivers\Standard\DrvLoad.c
           DrvPan1026Init   0x01273a    program     extern C:\CBT\CBT-350 Development\Drivers\Standard\DrvPan1026.c
            DrvPan1026Off   0x012754    program     extern C:\CBT\CBT-350 Development\Drivers\Standard\DrvPan1026.c
   DrvSsp1InitAsSpiMaster   0x012674    program     extern C:\CBT\CBT-350 Development\Drivers\Standard\DrvSsp_18F67J10.c
           DrvSsp1SpiRead   0x0126aa    program     extern C:\CBT\CBT-350 Development\Drivers\Standard\DrvSsp_18F67J10.c
          DrvSsp1SpiWrite   0x012688    program     extern C:\CBT\CBT-350 Development\Drivers\Standard\DrvSsp_18F67J10.c
     DrvTimer0CounterDone   0x011b7e    program     extern C:\CBT\CBT-350 Development\Drivers\Standard\DrvTimer_18F67J10.c
            DrvTimer0Init   0x0119fe    program     extern C:\CBT\CBT-350 Development\Drivers\Standard\DrvTimer_18F67J10.c
             DrvTimer0Isr   0x011a42    program     extern C:\CBT\CBT-350 Development\Drivers\Standard\DrvTimer_18F67J10.c
           DrvTimer0Reset   0x011ab2    program     extern C:\CBT\CBT-350 Development\Drivers\Standard\DrvTimer_18F67J10.c
      DrvTimer0SetCounter   0x011abc    program     extern C:\CBT\CBT-350 Development\Drivers\Standard\DrvTimer_18F67J10.c
            DrvTimer1Init   0x011bee    program     extern C:\CBT\CBT-350 Development\Drivers\Standard\DrvTimer_18F67J10.c
            DrvTimer2Init   0x011c14    program     extern C:\CBT\CBT-350 Development\Drivers\Standard\DrvTimer_18F67J10.c
             DrvTimer2Isr   0x011c30    program     extern C:\CBT\CBT-350 Development\Drivers\Standard\DrvTimer_18F67J10.c
             DrvUsart1Isr   0x00e27e    program     extern C:\CBT\CBT-350 Development\Drivers\Standard\DrvUsart_18F67J10.c
DrvUsart2GetMessageLength   0x00dff0    program     extern C:\CBT\CBT-350 Development\Drivers\Standard\DrvUsart_18F67J10.c
             DrvUsart2Isr   0x00e2ea    program     extern C:\CBT\CBT-350 Development\Drivers\Standard\DrvUsart_18F67J10.c
            DrvUsart2Read   0x00df90    program     extern C:\CBT\CBT-350 Development\Drivers\Standard\DrvUsart_18F67J10.c
        DrvUsartByteReady   0x00e13a    program     extern C:\CBT\CBT-350 Development\Drivers\Standard\DrvUsart_18F67J10.c
          DrvUsartDisable   0x00de72    program     extern C:\CBT\CBT-350 Development\Drivers\Standard\DrvUsart_18F67J10.c
DrvUsartGetNumberOfBytesAvailable   0x00e008    program     extern C:\CBT\CBT-350 Development\Drivers\Standard\DrvUsart_18F67J10.c
        DrvUsartGetStatus   0x00df5c    program     extern C:\CBT\CBT-350 Development\Drivers\Standard\DrvUsart_18F67J10.c
             DrvUsartInit   0x00de26    program     extern C:\CBT\CBT-350 Development\Drivers\Standard\DrvUsart_18F67J10.c
        DrvUsartLastError   0x00e256    program     extern C:\CBT\CBT-350 Development\Drivers\Standard\DrvUsart_18F67J10.c
         DrvUsartReadByte   0x00e18a    program     extern C:\CBT\CBT-350 Development\Drivers\Standard\DrvUsart_18F67J10.c
            DrvUsartReset   0x00debc    program     extern C:\CBT\CBT-350 Development\Drivers\Standard\DrvUsart_18F67J10.c
         DrvUsartSendByte   0x00def0    program     extern C:\CBT\CBT-350 Development\Drivers\Standard\DrvUsart_18F67J10.c
         DrvUsartSendData   0x00df24    program     extern C:\CBT\CBT-350 Development\Drivers\Standard\DrvUsart_18F67J10.c
                EEAppData   0x600060    program     extern C:\CBT\CBT-350 Development\Applications\Standard\AppEEData.c
           EEAppGlobalFlg   0x600058    program     extern C:\CBT\CBT-350 Development\Applications\Standard\AppEEData.c
           EEBTRemoteData   0x600300    program     extern C:\CBT\CBT-350 Development\Applications\Standard\AppEEData.c
                EEBattery   0x600100    program     extern C:\CBT\CBT-350 Development\Applications\Standard\AppEEData.c
              EECalFactor   0x600040    program     extern C:\CBT\CBT-350 Development\Applications\Standard\AppEEData.c
       EESerialNumberData   0x600070    program     extern C:\CBT\CBT-350 Development\Applications\Standard\AppEEData.c
             EESpareBlock   0x600600    program     extern C:\CBT\CBT-350 Development\Applications\Standard\AppEEData.c
          ENTER_ARROW_8X8   0x01276a    program     extern C:\CBT\CBT-350 Development\System\Standard\SysDisplay.c
         EepromReadStatus   0x010fde    program     extern C:\CBT\CBT-350 Development\Drivers\Standard\DrvEeprom_25AA320.c
EepromWaitForWriteCompletion   0x011016    program     extern C:\CBT\CBT-350 Development\Drivers\Standard\DrvEeprom_25AA320.c
       EepromWriteDisable   0x011074    program     extern C:\CBT\CBT-350 Development\Drivers\Standard\DrvEeprom_25AA320.c
        EepromWriteEnable   0x01104c    program     extern C:\CBT\CBT-350 Development\Drivers\Standard\DrvEeprom_25AA320.c
               ErrorCheck   0x00f1cc    program     extern C:\CBT\CBT-350 Development\System\Standard\SysBluetooth.c
               ErrorState   0x0122a8    program     extern C:\CBT\CBT-350 Development\Applications\Standard\AppError.c
                Font12x16   0x00bfde    program     extern C:\CBT\CBT-350 Development\Data\Standard\DatFont12x16.c
                 Font6x16   0x00e90e    program     extern C:\CBT\CBT-350 Development\Data\Standard\DatFont6x16.c
                  Font6x8   0x012034    program     extern C:\CBT\CBT-350 Development\System\Standard\SysFont6x8.c
            FormatVoltage   0x00fb8c    program     extern C:\CBT\CBT-350 Development\Applications\Standard\AppUtility.c
              Full_Screen   0x0100c4    program     extern C:\CBT\CBT-350 Development\Drivers\Standard\DrvLCD_OPTO1140GG.c
          GetCurvePercent   0x00afb2    program     extern C:\CBT\CBT-350 Development\Applications\Standard\AppBattest.c
            GetSOHPercent   0x00b242    program     extern C:\CBT\CBT-350 Development\Applications\Standard\AppBattest.c
HCI_Encryption_Key_Refresh_Complete_Event   0x00f4ce    program     extern C:\CBT\CBT-350 Development\System\Standard\SysBluetooth.c
HCI_FIRST_STRING_LUMP_SET   0x00f2ed    program     extern C:\CBT\CBT-350 Development\System\Standard\SysBluetooth.c
HCI_IO_Capability_Request_Event   0x00f3d3    program     extern C:\CBT\CBT-350 Development\System\Standard\SysBluetooth.c
HCI_IO_Capability_Response_Event   0x00f3c1    program     extern C:\CBT\CBT-350 Development\System\Standard\SysBluetooth.c
HCI_IO_User_Confirmation_Request_Event   0x00f41c    program     extern C:\CBT\CBT-350 Development\System\Standard\SysBluetooth.c
HCI_Simple_Pairing_Complete_Cancel_Event   0x00f450    program     extern C:\CBT\CBT-350 Development\System\Standard\SysBluetooth.c
HCI_Simple_Pairing_Complete_Event   0x00f440    program     extern C:\CBT\CBT-350 Development\System\Standard\SysBluetooth.c
            INCOMING_DATA   0x00f4c5    program     extern C:\CBT\CBT-350 Development\System\Standard\SysBluetooth.c
              Initial_LCD   0x00fea6    program     extern C:\CBT\CBT-350 Development\Drivers\Standard\DrvLCD_OPTO1140GG.c
               JISNumbers   0x00f0fa    program     extern C:\CBT\CBT-350 Development\Applications\Standard\AppCurvePN.c
             KeyTestState   0x00d19a    program     extern C:\CBT\CBT-350 Development\Applications\Standard\SelfTest.c
             LCD_Delay1ms   0x00fd98    program     extern C:\CBT\CBT-350 Development\Drivers\Standard\DrvLCD_OPTO1140GG.c
            LanguageState   0x00d936    program     extern C:\CBT\CBT-350 Development\Applications\Standard\AppStartUp.c
             LcdTestState   0x00d290    program     extern C:\CBT\CBT-350 Development\Applications\Standard\SelfTest.c
                  Loader1   0x008004    program     extern C:\CBT\CBT-350 Development\Applications\Standard\c018_e.c
                  Loader2   0x008006    program     extern C:\CBT\CBT-350 Development\Applications\Standard\c018_e.c
                  NewLine   0x00f5c6    program     extern C:\CBT\CBT-350 Development\System\Standard\SysBluetooth.c
             PowerUpState   0x00d72a    program     extern C:\CBT\CBT-350 Development\Applications\Standard\AppStartUp.c
     ProcessSerialBuffer1   0x00f62e    program     extern C:\CBT\CBT-350 Development\Applications\Standard\AppMain.c
                  RESTORE   0x01016c    program     static C:\MCC18\SRC\EXTENDED\MATH\div16u.asm
                  RESTORE   0x01021e    program     static C:\MCC18\SRC\EXTENDED\MATH\div32s.asm
                  RESTORE   0x0102cc    program     static C:\MCC18\SRC\EXTENDED\MATH\div32u.asm
              RETQUOTIENT   0x010164    program     static C:\MCC18\SRC\EXTENDED\MATH\div16u.asm
              RETQUOTIENT   0x0102bc    program     static C:\MCC18\SRC\EXTENDED\MATH\div32u.asm
              RETQUOTIENT   0x01020e    program     static C:\MCC18\SRC\EXTENDED\MATH\div32s.asm
                 ReadKeys   0x01261a    program     extern C:\CBT\CBT-350 Development\Drivers\Standard\DrvKey.c
         ReservedSection1   0x600000    program     extern C:\CBT\CBT-350 Development\Applications\Standard\AppEEData.c
         ReservedSection2   0x600ff0    program     extern C:\CBT\CBT-350 Development\Applications\Standard\AppEEData.c
             RightJustify   0x00fd02    program     extern C:\CBT\CBT-350 Development\Applications\Standard\AppUtility.c
        RunOperatingState   0x012328    program     extern C:\CBT\CBT-350 Development\Applications\Standard\AppStates.c
                  SETSIGN   0x01019a    program     static C:\MCC18\SRC\EXTENDED\MATH\div32s.asm
                 SETUPSTK   0x010236    program     static C:\MCC18\SRC\EXTENDED\MATH\div32u.asm
                 SETUPSTK   0x01017a    program     static C:\MCC18\SRC\EXTENDED\MATH\div32s.asm
                 SETUPSTK   0x010102    program     static C:\MCC18\SRC\EXTENDED\MATH\div16u.asm
      SelectBluetoothMenu   0x00e684    program     extern C:\CBT\CBT-350 Development\Applications\Standard\AppBatQuest.c
   SelfTest_SerialBuffer1   0x012718    program     extern C:\CBT\CBT-350 Development\Applications\Standard\SelfTest.c
   SelfTest_SerialBuffer2   0x012722    program     extern C:\CBT\CBT-350 Development\Applications\Standard\SelfTest.c
       SerialNoInputState   0x00da48    program     extern C:\CBT\CBT-350 Development\Applications\Standard\AppStartUp.c
                StartLogo   0x011c34    program     extern C:\CBT\CBT-350 Development\System\Standard\SysGraphic.c
            SysBTGetState   0x009fac    program     extern C:\CBT\CBT-350 Development\System\Standard\SysBluetooth.c
               SysBTReset   0x009fb4    program     extern C:\CBT\CBT-350 Development\System\Standard\SysBluetooth.c
            SysBTSendData   0x00a0e0    program     extern C:\CBT\CBT-350 Development\System\Standard\SysBluetooth.c
            SysBTSetState   0x009f96    program     extern C:\CBT\CBT-350 Development\System\Standard\SysBluetooth.c
            SysBTWrapData   0x009fc6    program     extern C:\CBT\CBT-350 Development\System\Standard\SysBluetooth.c
            SysClear_Line   0x00b558    program     extern C:\CBT\CBT-350 Development\System\Standard\SysDisplay.c
          SysClear_Line_S   0x00b5ba    program     extern C:\CBT\CBT-350 Development\System\Standard\SysDisplay.c
          SysCommandError   0x010a04    program     extern C:\CBT\CBT-350 Development\System\Standard\SysCalibrate.c
      SysDisplayLogo128X8   0x00bf98    program     extern C:\CBT\CBT-350 Development\System\Standard\SysDisplay.c
         SysDisplayString   0x00bbd8    program     extern C:\CBT\CBT-350 Development\System\Standard\SysDisplay.c
       SysDisplayString_W   0x00b60e    program     extern C:\CBT\CBT-350 Development\System\Standard\SysDisplay.c
            SysGetVoltage   0x011978    program     extern C:\CBT\CBT-350 Development\System\Standard\SysVoltage.c
      SysGraphicStartLogo   0x012510    program     extern C:\CBT\CBT-350 Development\System\Standard\SysGraphic.c
    SysInitBlueToothRadio   0x00879e    program     extern C:\CBT\CBT-350 Development\System\Standard\SysBluetooth.c
        SysMemoryDownLoad   0x0108fe    program     extern C:\CBT\CBT-350 Development\System\Standard\SysCalibrate.c
          SysMemoryUpLoad   0x0107ac    program     extern C:\CBT\CBT-350 Development\System\Standard\SysCalibrate.c
SysProcessBluetoothCommand   0x0087f2    program     extern C:\CBT\CBT-350 Development\System\Standard\SysBluetooth.c
          SysScaleVoltage   0x0117a4    program     extern C:\CBT\CBT-350 Development\System\Standard\SysVoltage.c
                SysSendOk   0x0109ea    program     extern C:\CBT\CBT-350 Development\System\Standard\SysCalibrate.c
    SysVerifyByteChecksum   0x01074a    program     extern C:\CBT\CBT-350 Development\System\Standard\SysCalibrate.c
    SysWrapperWrapMessage   0x00a38e    program     extern C:\CBT\CBT-350 Development\System\Standard\SysBluetooth.c
    TCU_ACCEPT_SEND_EVENT   0x00f4b4    program     extern C:\CBT\CBT-350 Development\System\Standard\SysBluetooth.c
TCU_HCI_GET_FIRMWARE_VERSION_REQ   0x00f1dc    program     extern C:\CBT\CBT-350 Development\System\Standard\SysBluetooth.c
TCU_HCI_GET_FIRMWARE_VERSION_RESP   0x00f1e9    program     extern C:\CBT\CBT-350 Development\System\Standard\SysBluetooth.c
TCU_HCI_M2_BTL_EEPROM_WRITE_ENABLE_REQ   0x00f226    program     extern C:\CBT\CBT-350 Development\System\Standard\SysBluetooth.c
TCU_HCI_M2_BTL_EEPROM_WRITE_ENABLE_RESP   0x00f233    program     extern C:\CBT\CBT-350 Development\System\Standard\SysBluetooth.c
TCU_HCI_M2_BTL_SET_I2C_ENABLE_REQ   0x00f20a    program     extern C:\CBT\CBT-350 Development\System\Standard\SysBluetooth.c
TCU_HCI_M2_BTL_SET_I2C_ENABLE_RESP   0x00f219    program     extern C:\CBT\CBT-350 Development\System\Standard\SysBluetooth.c
TCU_HCI_M2_GENERAL_READ_EEPROM_REQ   0x00f240    program     extern C:\CBT\CBT-350 Development\System\Standard\SysBluetooth.c
TCU_HCI_M2_GENERAL_READ_EEPROM_RESP   0x00f254    program     extern C:\CBT\CBT-350 Development\System\Standard\SysBluetooth.c
TCU_HCI_M2_GENERAL_WRITE_EEPROM_REQ   0x00f4da    program     extern C:\CBT\CBT-350 Development\System\Standard\SysBluetooth.c
TCU_HCI_M2_GENERAL_WRITE_EEPROM_RESP   0x00f4f4    program     extern C:\CBT\CBT-350 Development\System\Standard\SysBluetooth.c
        TCU_HCI_RESET_REQ   0x00f1d1    program     extern C:\CBT\CBT-350 Development\System\Standard\SysBluetooth.c
       TCU_HCI_RESET_RESP   0x00f1d5    program     extern C:\CBT\CBT-350 Development\System\Standard\SysBluetooth.c
     TCU_HCI_SET_MODE_REQ   0x00f279    program     extern C:\CBT\CBT-350 Development\System\Standard\SysBluetooth.c
    TCU_HCI_SET_MODE_RESP   0x00f280    program     extern C:\CBT\CBT-350 Development\System\Standard\SysBluetooth.c
TCU_HCI_WRITE_BD_ADDR_REQ   0x00f268    program     extern C:\CBT\CBT-350 Development\System\Standard\SysBluetooth.c
TCU_HCI_WRITE_BD_ADDR_RESP   0x00f272    program     extern C:\CBT\CBT-350 Development\System\Standard\SysBluetooth.c
TCU_MNG_CONNECTION_ACCEPT_REQ   0x00f37e    program     extern C:\CBT\CBT-350 Development\System\Standard\SysBluetooth.c
TCU_MNG_CONNECTION_ACCEPT_REQUEST_EVENT   0x00f377    program     extern C:\CBT\CBT-350 Development\System\Standard\SysBluetooth.c
TCU_MNG_CONNECTION_ACCEPT_REQ_LINK_KEY   0x00f38d    program     extern C:\CBT\CBT-350 Development\System\Standard\SysBluetooth.c
TCU_MNG_CONNECTION_ACCEPT_RESP   0x00f39c    program     extern C:\CBT\CBT-350 Development\System\Standard\SysBluetooth.c
TCU_MNG_CONNECTION_STATUS_EVENT   0x00f34b    program     extern C:\CBT\CBT-350 Development\System\Standard\SysBluetooth.c
TCU_MNG_CONNECTION_STATUS_EVENT2   0x00f35a    program     extern C:\CBT\CBT-350 Development\System\Standard\SysBluetooth.c
TCU_MNG_CONNECTION_STATUS_EVENT3   0x00f460    program     extern C:\CBT\CBT-350 Development\System\Standard\SysBluetooth.c
TCU_MNG_DISCOVER_REMOTE_SERVICE_ACCEPT   0x00f341    program     extern C:\CBT\CBT-350 Development\System\Standard\SysBluetooth.c
TCU_MNG_DISCOVER_REMOTE_SERVICE_EVENT   0x00f369    program     extern C:\CBT\CBT-350 Development\System\Standard\SysBluetooth.c
         TCU_MNG_INIT_REQ   0x00f288    program     extern C:\CBT\CBT-350 Development\System\Standard\SysBluetooth.c
        TCU_MNG_INIT_RESP   0x00f2a4    program     extern C:\CBT\CBT-350 Development\System\Standard\SysBluetooth.c
TCU_MNG_REMOTE_DEVICE_NAME_AUTO_NOTIFY_EVENT   0x00f3e2    program     extern C:\CBT\CBT-350 Development\System\Standard\SysBluetooth.c
TCU_MNG_SET_SCANREADY_RESP   0x00f339    program     extern C:\CBT\CBT-350 Development\System\Standard\SysBluetooth.c
     TCU_MNG_SET_SCAN_REQ   0x00f2dd    program     extern C:\CBT\CBT-350 Development\System\Standard\SysBluetooth.c
    TCU_MNG_SET_SCAN_RESP   0x00f2e5    program     extern C:\CBT\CBT-350 Development\System\Standard\SysBluetooth.c
TCU_MNG_SSP_SET_REQ_HCI_IO_Capability_Request_Reply   0x00f3ae    program     extern C:\CBT\CBT-350 Development\System\Standard\SysBluetooth.c
TCU_MNG_SSP_SET_REQ_HCI_User_Confirmation_Request_Reply   0x00f3f6    program     extern C:\CBT\CBT-350 Development\System\Standard\SysBluetooth.c
TCU_MNG_SSP_SET_RESP_HCI_IO_Capability_Request_Reply   0x00f407    program     extern C:\CBT\CBT-350 Development\System\Standard\SysBluetooth.c
TCU_MNG_SSP_SET_RESP_HCI_User_Confirmation_Request_Reply   0x00f42b    program     extern C:\CBT\CBT-350 Development\System\Standard\SysBluetooth.c
TCU_MNG_STANDARD_HCI_SET_REQ_Write_Class_of_Device   0x00f2b2    program     extern C:\CBT\CBT-350 Development\System\Standard\SysBluetooth.c
TCU_MNG_STANDARD_HCI_SET_RESP_Write_Class_of_Device   0x00f2bf    program     extern C:\CBT\CBT-350 Development\System\Standard\SysBluetooth.c
    TCU_SPP_CONNECT_EVENT   0x00f46f    program     extern C:\CBT\CBT-350 Development\System\Standard\SysBluetooth.c
   TCU_SPP_CONNECT_EVENT2   0x00f47d    program     extern C:\CBT\CBT-350 Development\System\Standard\SysBluetooth.c
     TCU_SPP_CONNECT_RESP   0x00f3a4    program     extern C:\CBT\CBT-350 Development\System\Standard\SysBluetooth.c
  TCU_SPP_DATA_SEND_EVENT   0x00f4be    program     extern C:\CBT\CBT-350 Development\System\Standard\SysBluetooth.c
TCU_SPP_DATA_TRANSFER_REQ   0x00f47f    program     extern C:\CBT\CBT-350 Development\System\Standard\SysBluetooth.c
TCU_SPP_DISCONNECT_EVENT1   0x00f496    program     extern C:\CBT\CBT-350 Development\System\Standard\SysBluetooth.c
TCU_SPP_DISCONNECT_EVENT2   0x00f4a5    program     extern C:\CBT\CBT-350 Development\System\Standard\SysBluetooth.c
   TCU_SPP_DISCONNECT_REQ   0x00f4c7    program     extern C:\CBT\CBT-350 Development\System\Standard\SysBluetooth.c
        TCU_SPP_SETUP_REQ   0x00f2ce    program     extern C:\CBT\CBT-350 Development\System\Standard\SysBluetooth.c
       TCU_SPP_SETUP_RESP   0x00f2d5    program     extern C:\CBT\CBT-350 Development\System\Standard\SysBluetooth.c
              TempBLETest   0x01272c    program     extern C:\CBT\CBT-350 Development\Applications\Standard\SelfTest.c
         TestCompleteWait   0x00a9b6    program     extern C:\CBT\CBT-350 Development\Applications\Standard\AppBattest.c
             UP_ARROW_8X8   0x01275a    program     extern C:\CBT\CBT-350 Development\System\Standard\SysDisplay.c
          Uart_Port1_Test   0x00d0f8    program     extern C:\CBT\CBT-350 Development\Applications\Standard\SelfTest.c
          Uart_Port2_Test   0x00d148    program     extern C:\CBT\CBT-350 Development\Applications\Standard\SelfTest.c
               Usart1Init   0x00dd4a    program     extern C:\CBT\CBT-350 Development\Drivers\Standard\DrvUsart_18F67J10.c
               Usart2Init   0x00ddb6    program     extern C:\CBT\CBT-350 Development\Drivers\Standard\DrvUsart_18F67J10.c
       VariableInitialize   0x00f6c0    program     extern C:\CBT\CBT-350 Development\Applications\Standard\AppMain.c
         VerifyCalFactors   0x00f9f6    program     extern C:\CBT\CBT-350 Development\Applications\Standard\AppUtility.c
         VoltageTestState   0x00d42e    program     extern C:\CBT\CBT-350 Development\Applications\Standard\SelfTest.c
         WriteFrameHeader   0x00a11e    program     extern C:\CBT\CBT-350 Development\System\Standard\SysBluetooth.c
             WritePayload   0x00a30e    program     extern C:\CBT\CBT-350 Development\System\Standard\SysBluetooth.c
             XLCD_Address   0x00ff34    program     extern C:\CBT\CBT-350 Development\Drivers\Standard\DrvLCD_OPTO1140GG.c
             XLCD_Command   0x00fdf8    program     extern C:\CBT\CBT-350 Development\Drivers\Standard\DrvLCD_OPTO1140GG.c
                XLCD_Data   0x00fe30    program     extern C:\CBT\CBT-350 Development\Drivers\Standard\DrvLCD_OPTO1140GG.c
              _2jContinue   0x011696    program     static C:\MCC18\SRC\EXTENDED\STDCLIB\memset.asm
              _3jContinue   0x0115c6    program     static C:\MCC18\SRC\EXTENDED\STDCLIB\mcmpp2r.asm
              _3jContinue   0x011662    program     static C:\MCC18\SRC\EXTENDED\STDCLIB\mcpyp2r.asm
                   _3jEnd   0x0116a0    program     static C:\MCC18\SRC\EXTENDED\STDCLIB\memset.asm
              _4jContinue   0x01160e    program     static C:\MCC18\SRC\EXTENDED\STDCLIB\memcpy.asm
              _4jContinue   0x011576    program     static C:\MCC18\SRC\EXTENDED\STDCLIB\memcmp.asm
                   _4jEnd   0x01166c    program     static C:\MCC18\SRC\EXTENDED\STDCLIB\mcpyp2r.asm
                   _4jEnd   0x0115d0    program     static C:\MCC18\SRC\EXTENDED\STDCLIB\mcmpp2r.asm
                   _5jEnd   0x011618    program     static C:\MCC18\SRC\EXTENDED\STDCLIB\memcpy.asm
                   _5jEnd   0x011580    program     static C:\MCC18\SRC\EXTENDED\STDCLIB\memcmp.asm
       _D10KTCYXCODE_0014   0x0126c8    program     static C:\MCC18\SRC\EXTENDED\DELAYS\d10ktcyx.asm
       _D10KTCYXCODE_0022   0x0126d6    program     static C:\MCC18\SRC\EXTENDED\DELAYS\d10ktcyx.asm
           ___?:_lbl00023   0x00f8f8    program     static                          
           ___?:_lbl00024   0x00f8f6    program     static                          
       ___case_0_lbl00002   0x00d73e    program     static                          
       ___case_0_lbl00002   0x00c96e    program     static                          
       ___case_0_lbl00047   0x00ce5a    program     static                          
       ___case_0_lbl00058   0x00cf5c    program     static                          
      ___case_10_lbl00029   0x00cc44    program     static                          
      ___case_10_lbl00078   0x00d0d8    program     static                          
      ___case_11_lbl00032   0x00cc58    program     static                          
      ___case_11_lbl00079   0x00d0da    program     static                          
      ___case_12_lbl00031   0x00cc58    program     static                          
      ___case_12_lbl00080   0x00d0dc    program     static                          
      ___case_13_lbl00030   0x00cc58    program     static                          
      ___case_13_lbl00081   0x00d0de    program     static                          
      ___case_14_lbl00036   0x00cc5e    program     static                          
      ___case_14_lbl00083   0x00d0e0    program     static                          
      ___case_15_lbl00037   0x00cd9c    program     static                          
      ___case_16_lbl00041   0x00ce12    program     static                          
      ___case_16_lbl00082   0x00d0e0    program     static                          
      ___case_17_lbl00042   0x00ce38    program     static                          
       ___case_1_lbl00004   0x00c9bc    program     static                          
       ___case_1_lbl00012   0x00d7e2    program     static                          
       ___case_1_lbl00059   0x00cf86    program     static                          
       ___case_2_lbl00006   0x00ca16    program     static                          
       ___case_2_lbl00015   0x00d8ac    program     static                          
       ___case_2_lbl00060   0x00cf88    program     static                          
       ___case_3_lbl00008   0x00cada    program     static                          
       ___case_3_lbl00061   0x00cf8a    program     static                          
       ___case_4_lbl00011   0x00caee    program     static                          
       ___case_4_lbl00067   0x00cff4    program     static                          
       ___case_5_lbl00010   0x00caee    program     static                          
       ___case_5_lbl00073   0x00d05e    program     static                          
       ___case_6_lbl00009   0x00caee    program     static                          
       ___case_6_lbl00074   0x00d096    program     static                          
       ___case_7_lbl00012   0x00caf4    program     static                          
       ___case_7_lbl00075   0x00d0d2    program     static                          
       ___case_8_lbl00013   0x00cb4a    program     static                          
       ___case_8_lbl00076   0x00d0d4    program     static                          
       ___case_9_lbl00027   0x00cbb8    program     static                          
       ___case_9_lbl00077   0x00d0d6    program     static                          
      ___default_lbl00016   0x00d904    program     static                          
      ___default_lbl00054   0x00ceb2    program     static                          
      ___default_lbl00084   0x00d0e2    program     static                          
           ___do_lbl00002   0x011036    program     static                          
           ___do_lbl00003   0x011044    program     static                          
           ___do_lbl00005   0x01102a    program     static                          
           ___do_lbl00049   0x00cedc    program     static                          
           ___do_lbl00050   0x00cee2    program     static                          
           ___do_lbl00053   0x00ceb2    program     static                          
         ___else_lbl00004   0x00d7a4    program     static                          
         ___else_lbl00011   0x00d868    program     static                          
         ___else_lbl00013   0x00b774    program     static                          
         ___else_lbl00014   0x00f810    program     static                          
         ___else_lbl00016   0x00f7fc    program     static                          
         ___else_lbl00019   0x00b784    program     static                          
         ___else_lbl00020   0x00cba2    program     static                          
         ___else_lbl00022   0x00b8aa    program     static                          
         ___else_lbl00024   0x00b89a    program     static                          
         ___else_lbl00025   0x00cc3a    program     static                          
         ___else_lbl00029   0x00b9fe    program     static                          
         ___else_lbl00031   0x00b950    program     static                          
         ___else_lbl00032   0x00f9c4    program     static                          
         ___else_lbl00035   0x00f9a8    program     static                          
         ___else_lbl00035   0x00cd94    program     static                          
         ___else_lbl00036   0x00bb28    program     static                          
         ___else_lbl00039   0x00bab2    program     static                          
         ___else_lbl00040   0x00ce30    program     static                          
          ___for_lbl00001   0x012598    program     static                          
          ___for_lbl00002   0x01259c    program     static                          
          ___for_lbl00003   0x012522    program     static                          
          ___for_lbl00062   0x00cfe6    program     static                          
          ___for_lbl00063   0x00cfee    program     static                          
          ___for_lbl00066   0x00cf98    program     static                          
          ___for_lbl00068   0x00d050    program     static                          
          ___for_lbl00069   0x00d058    program     static                          
          ___for_lbl00071   0x00bfd2    program     static                          
          ___for_lbl00072   0x00d002    program     static                          
          ___for_lbl00072   0x00bfd6    program     static                          
          ___for_lbl00073   0x00bfb4    program     static                          
           ___if_lbl00003   0x00ca12    program     static                          
           ___if_lbl00003   0x00d7d0    program     static                          
           ___if_lbl00005   0x00cad6    program     static                          
           ___if_lbl00007   0x00caea    program     static                          
           ___if_lbl00009   0x00f7ae    program     static                          
           ___if_lbl00010   0x00d894    program     static                          
           ___if_lbl00011   0x00b762    program     static                          
           ___if_lbl00012   0x00b77a    program     static                          
           ___if_lbl00012   0x00f844    program     static                          
           ___if_lbl00013   0x00f844    program     static                          
           ___if_lbl00015   0x00f844    program     static                          
           ___if_lbl00016   0x00b878    program     static                          
           ___if_lbl00017   0x00b886    program     static                          
           ___if_lbl00018   0x00b886    program     static                          
           ___if_lbl00019   0x00cbb4    program     static                          
           ___if_lbl00019   0x00f8ca    program     static                          
           ___if_lbl00020   0x00b8b2    program     static                          
           ___if_lbl00020   0x00f8dc    program     static                          
           ___if_lbl00021   0x00b8b2    program     static                          
           ___if_lbl00021   0x00f8dc    program     static                          
           ___if_lbl00022   0x00f8dc    program     static                          
           ___if_lbl00023   0x00b8b2    program     static                          
           ___if_lbl00024   0x00cc40    program     static                          
           ___if_lbl00025   0x00f92a    program     static                          
           ___if_lbl00026   0x00f92a    program     static                          
           ___if_lbl00026   0x00cc40    program     static                          
           ___if_lbl00027   0x00baa8    program     static                          
           ___if_lbl00027   0x00f92a    program     static                          
           ___if_lbl00028   0x00cc54    program     static                          
           ___if_lbl00028   0x00baa8    program     static                          
           ___if_lbl00030   0x00f9a6    program     static                          
           ___if_lbl00030   0x00baa8    program     static                          
           ___if_lbl00031   0x00f9ce    program     static                          
           ___if_lbl00033   0x00f9ce    program     static                          
           ___if_lbl00034   0x00f9ce    program     static                          
           ___if_lbl00034   0x00bbc8    program     static                          
           ___if_lbl00034   0x00cd9a    program     static                          
           ___if_lbl00035   0x00bbc8    program     static                          
           ___if_lbl00036   0x00f9ce    program     static                          
           ___if_lbl00037   0x00bbd0    program     static                          
           ___if_lbl00037   0x00f9d2    program     static                          
           ___if_lbl00038   0x00bbd0    program     static                          
           ___if_lbl00038   0x00ce2e    program     static                          
           ___if_lbl00039   0x00ce36    program     static                          
           ___if_lbl00048   0x00ce8a    program     static                          
       ___return_lbl00000   0x00803a    program     static                          
       ___return_lbl00000   0x01100e    program     static                          
       ___return_lbl00000   0x00ce3a    program     static                          
       ___return_lbl00000   0x00800c    program     static                          
       ___return_lbl00000   0x00f62c    program     static                          
       ___return_lbl00000   0x00d906    program     static                          
       ___return_lbl00000   0x01259c    program     static                          
       ___return_lbl00001   0x00fdce    program     static                          
       ___return_lbl00001   0x011044    program     static                          
       ___return_lbl00001   0x012472    program     static                          
       ___return_lbl00004   0x00801c    program     static                          
       ___return_lbl00006   0x011072    program     static                          
       ___return_lbl00007   0x011098    program     static                          
       ___return_lbl00008   0x0110ae    program     static                          
       ___return_lbl00008   0x00f9e4    program     static                          
       ___return_lbl00008   0x00bbd0    program     static                          
       ___return_lbl00009   0x01112e    program     static                          
       ___return_lbl00012   0x0111b6    program     static                          
       ___return_lbl00016   0x011248    program     static                          
       ___return_lbl00017   0x010a36    program     static                          
       ___return_lbl00029   0x00df54    program     static                          
       ___return_lbl00043   0x00d0f0    program     static                          
       ___return_lbl00070   0x00bfd6    program     static                          
   ___switchexit_lbl00001   0x00d906    program     static                          
   ___switchexit_lbl00001   0x00ce3a    program     static                          
   ___switchexit_lbl00046   0x00d0ec    program     static                          
   ___switchexit_lbl00057   0x00d0ea    program     static                          
        ___while_lbl00002   0x00fdb0    program     static                          
        ___while_lbl00003   0x00fdce    program     static                          
        ___while_lbl00005   0x00d7d0    program     static                          
        ___while_lbl00006   0x00d7e0    program     static                          
        ___while_lbl00007   0x00d7e2    program     static                          
        ___while_lbl00008   0x00d8a6    program     static                          
        ___while_lbl00009   0x00b6d0    program     static                          
        ___while_lbl00010   0x0110ee    program     static                          
        ___while_lbl00010   0x00b782    program     static                          
        ___while_lbl00011   0x011124    program     static                          
        ___while_lbl00013   0x011176    program     static                          
        ___while_lbl00013   0x00d8ac    program     static                          
        ___while_lbl00014   0x00b80c    program     static                          
        ___while_lbl00014   0x0111a8    program     static                          
        ___while_lbl00014   0x00d8bc    program     static                          
        ___while_lbl00015   0x00b886    program     static                          
        ___while_lbl00017   0x0111c8    program     static                          
        ___while_lbl00017   0x00f854    program     static                          
        ___while_lbl00018   0x011246    program     static                          
        ___while_lbl00018   0x010a2a    program     static                          
        ___while_lbl00018   0x00f9d6    program     static                          
        ___while_lbl00019   0x010a36    program     static                          
        ___while_lbl00025   0x00b8bc    program     static                          
        ___while_lbl00026   0x00bab0    program     static                          
        ___while_lbl00030   0x00df2e    program     static                          
        ___while_lbl00031   0x00df54    program     static                          
        ___while_lbl00032   0x00baba    program     static                          
        ___while_lbl00033   0x00bbd0    program     static                          
        ___while_lbl00044   0x00ce52    program     static                          
        ___while_lbl00045   0x00d0f0    program     static                          
        ___while_lbl00051   0x00ceba    program     static                          
        ___while_lbl00052   0x00ceca    program     static                          
        ___while_lbl00055   0x00cee2    program     static                          
        ___while_lbl00056   0x00cef0    program     static                          
        ___while_lbl00064   0x00cfb2    program     static                          
        ___while_lbl00065   0x00cfc0    program     static                          
        ___while_lbl00070   0x00d01c    program     static                          
        ___while_lbl00071   0x00d02a    program     static                          
                 __div16u   0x01011a    program     extern C:\MCC18\SRC\EXTENDED\MATH\div16u.asm
                 __div32s   0x010192    program     extern C:\MCC18\SRC\EXTENDED\MATH\div32s.asm
                 __div32u   0x01024e    program     extern C:\MCC18\SRC\EXTENDED\MATH\div32u.asm
                 __mod16u   0x010120    program     extern C:\MCC18\SRC\EXTENDED\MATH\div16u.asm
                 __mod32s   0x010198    program     extern C:\MCC18\SRC\EXTENDED\MATH\div32s.asm
                 __mod32u   0x010254    program     extern C:\MCC18\SRC\EXTENDED\MATH\div32u.asm
                  __mul24   0x0102da    program     extern C:\MCC18\SRC\EXTENDED\MATH\mul24.asm
                  __mul32   0x01039a    program     extern C:\MCC18\SRC\EXTENDED\MATH\mul32.asm
               __string_0   0x0125f6    program     static C:\CBT\CBT-350 Development\Applications\Standard\AppBatQuest.c
               __string_0   0x0125f4    program     static C:\CBT\CBT-350 Development\Applications\Standard\AppBattest.c
               __string_0   0x0125af    program     static C:\CBT\CBT-350 Development\Applications\Standard\AppMain.c
               __string_0   0x0125d2    program     static C:\CBT\CBT-350 Development\Applications\Standard\AppCalibrat.c
               __string_1   0x0125ef    program     static C:\CBT\CBT-350 Development\Applications\Standard\AppBattest.c
               __string_1   0x0125a9    program     static C:\CBT\CBT-350 Development\Applications\Standard\AppMain.c
               __string_1   0x0125cd    program     static C:\CBT\CBT-350 Development\Applications\Standard\AppCalibrat.c
              __string_16   0x0125c4    program     static C:\CBT\CBT-350 Development\Applications\Standard\SelfTest.c
              __string_17   0x0125bb    program     static C:\CBT\CBT-350 Development\Applications\Standard\SelfTest.c
              __string_18   0x01260c    program     static C:\CBT\CBT-350 Development\System\Standard\SysBluetooth.c
              __string_18   0x0125b6    program     static C:\CBT\CBT-350 Development\Applications\Standard\SelfTest.c
              __string_19   0x012605    program     static C:\CBT\CBT-350 Development\System\Standard\SysBluetooth.c
               __string_2   0x0125e5    program     static C:\CBT\CBT-350 Development\Applications\Standard\AppBattest.c
               __string_2   0x0125a4    program     static C:\CBT\CBT-350 Development\Applications\Standard\AppMain.c
              __string_20   0x012600    program     static C:\CBT\CBT-350 Development\System\Standard\SysBluetooth.c
              __string_21   0x0125fb    program     static C:\CBT\CBT-350 Development\System\Standard\SysBluetooth.c
               __string_5   0x0125df    program     static C:\CBT\CBT-350 Development\Applications\Standard\AppStartUp.c
                  __strup   0x008002    program     extern C:\CBT\CBT-350 Development\Applications\Standard\c018_e.c
               __tmplbl_0   0x00cb9a    program     static                          
               __tmplbl_0   0x00d7ee    program     static                          
               __tmplbl_0   0x011044    program     static                          
               __tmplbl_1   0x00cb8e    program     static                          
               __tmplbl_1   0x01103e    program     static                          
               __tmplbl_1   0x00d7e8    program     static                          
              __tmplbl_10   0x00cc7a    program     static                          
              __tmplbl_11   0x00cc6c    program     static                          
               __tmplbl_2   0x011182    program     static                          
               __tmplbl_2   0x00cb82    program     static                          
               __tmplbl_2   0x00f83a    program     static                          
               __tmplbl_3   0x00cb76    program     static                          
               __tmplbl_3   0x01117e    program     static                          
               __tmplbl_3   0x00f82c    program     static                          
               __tmplbl_4   0x00cb6a    program     static                          
               __tmplbl_4   0x01119a    program     static                          
               __tmplbl_4   0x00f81e    program     static                          
              __tmplbl_41   0x009f54    program     static                          
              __tmplbl_42   0x009892    program     static                          
              __tmplbl_43   0x0097f6    program     static                          
              __tmplbl_44   0x00973e    program     static                          
              __tmplbl_45   0x009404    program     static                          
              __tmplbl_46   0x00937a    program     static                          
              __tmplbl_47   0x0092f0    program     static                          
              __tmplbl_48   0x009262    program     static                          
              __tmplbl_49   0x0091d8    program     static                          
               __tmplbl_5   0x00cb5e    program     static                          
               __tmplbl_5   0x011196    program     static                          
               __tmplbl_5   0x00f962    program     static                          
              __tmplbl_50   0x009152    program     static                          
              __tmplbl_51   0x009090    program     static                          
               __tmplbl_6   0x00cc24    program     static                          
               __tmplbl_6   0x00f95a    program     static                          
              __tmplbl_63   0x009f8a    program     static                          
              __tmplbl_64   0x009f8a    program     static                          
              __tmplbl_65   0x009f8a    program     static                          
              __tmplbl_66   0x009f8a    program     static                          
              __tmplbl_67   0x009f8a    program     static                          
              __tmplbl_68   0x009f8a    program     static                          
              __tmplbl_69   0x009f8a    program     static                          
               __tmplbl_7   0x00f954    program     static                          
               __tmplbl_7   0x00cc18    program     static                          
              __tmplbl_70   0x009f8a    program     static                          
              __tmplbl_71   0x009f8a    program     static                          
              __tmplbl_72   0x009f8a    program     static                          
              __tmplbl_73   0x009f8a    program     static                          
              __tmplbl_74   0x009f8a    program     static                          
              __tmplbl_76   0x009f8a    program     static                          
              __tmplbl_77   0x009f8a    program     static                          
              __tmplbl_78   0x009f8a    program     static                          
              __tmplbl_79   0x009f8a    program     static                          
               __tmplbl_8   0x00cc0c    program     static                          
              __tmplbl_80   0x009f8a    program     static                          
              __tmplbl_81   0x009f8a    program     static                          
              __tmplbl_82   0x009f8a    program     static                          
              __tmplbl_83   0x009f8a    program     static                          
              __tmplbl_84   0x009f8a    program     static                          
              __tmplbl_85   0x009f8a    program     static                          
              __tmplbl_86   0x009f8a    program     static                          
               __tmplbl_9   0x00cc00    program     static                          
              __tmplbl_90   0x009f8a    program     static                          
            __zero_memory   0x012780    program     extern C:\MCC18\src\extended\proc\p18f67j10.asm
                _do_cinit   0x0123d6    program     extern C:\CBT\CBT-350 Development\Applications\Standard\c018_e.c
            _early16uexit   0x010124    program     extern C:\MCC18\SRC\EXTENDED\MATH\div16u.asm
            _early32uexit   0x010258    program     extern C:\MCC18\SRC\EXTENDED\MATH\div32u.asm
                   _false   0x01029c    program     static C:\MCC18\SRC\EXTENDED\MATH\div32u.asm
                    _goto   0x008000    program     extern C:\CBT\CBT-350 Development\Applications\Standard\c018_e.c
                 _startup   0x008030    program     extern C:\CBT\CBT-350 Development\Applications\Standard\c018_e.c
               clear_loop   0x012786    program     static C:\MCC18\src\extended\proc\p18f67j10.asm
                 code_mon   0x008012    program     extern C:\CBT\CBT-350 Development\Applications\Standard\c018_e.c
                 code_ver   0x008010    program     extern C:\CBT\CBT-350 Development\Applications\Standard\c018_e.c
                  code_yr   0x008014    program     extern C:\CBT\CBT-350 Development\Applications\Standard\c018_e.c
                copy_loop   0x012448    program     static                          
            copy_one_byte   0x01244e    program     static                          
                divmod16u   0x010126    program     static C:\MCC18\SRC\EXTENDED\MATH\div16u.asm
                divmod32u   0x01025a    program     static C:\MCC18\SRC\EXTENDED\MATH\div32u.asm
                     done   0x012472    program     static                          
             done_copying   0x01245c    program     static                          
                  endloop   0x01014c    program     static C:\MCC18\SRC\EXTENDED\MATH\div16u.asm
                 itoabase   0x00faaa    program     extern C:\CBT\CBT-350 Development\Applications\Standard\AppUtility.c
                     jEnd   0x0116a8    program     static C:\MCC18\SRC\EXTENDED\STDCLIB\memset.asm
                     jEnd   0x011728    program     static C:\MCC18\SRC\EXTENDED\STDCLIB\scatp2r.asm
                     jEnd   0x011754    program     static C:\MCC18\SRC\EXTENDED\STDCLIB\scmpp2r.asm
                     jEnd   0x011674    program     static C:\MCC18\SRC\EXTENDED\STDCLIB\mcpyp2r.asm
                     jEnd   0x011786    program     static C:\MCC18\SRC\EXTENDED\STDCLIB\scpyp2r.asm
                     jEnd   0x0117a2    program     static C:\MCC18\SRC\EXTENDED\STDCLIB\strlen.asm
                     jEnd   0x01161e    program     static C:\MCC18\SRC\EXTENDED\STDCLIB\memcpy.asm
                     jEnd   0x0115d8    program     static C:\MCC18\SRC\EXTENDED\STDCLIB\mcmpp2r.asm
                     jEnd   0x011586    program     static C:\MCC18\SRC\EXTENDED\STDCLIB\memcmp.asm
                    jLoop   0x011602    program     static C:\MCC18\SRC\EXTENDED\STDCLIB\memcpy.asm
                    jLoop   0x011798    program     static C:\MCC18\SRC\EXTENDED\STDCLIB\strlen.asm
                    jLoop   0x011656    program     static C:\MCC18\SRC\EXTENDED\STDCLIB\mcpyp2r.asm
                    jLoop   0x01177c    program     static C:\MCC18\SRC\EXTENDED\STDCLIB\scpyp2r.asm
                    jLoop   0x0115ba    program     static C:\MCC18\SRC\EXTENDED\STDCLIB\mcmpp2r.asm
                    jLoop   0x011748    program     static C:\MCC18\SRC\EXTENDED\STDCLIB\scmpp2r.asm
                    jLoop   0x01168a    program     static C:\MCC18\SRC\EXTENDED\STDCLIB\memset.asm
                    jLoop   0x01171e    program     static C:\MCC18\SRC\EXTENDED\STDCLIB\scatp2r.asm
                    jLoop   0x01156a    program     static C:\MCC18\SRC\EXTENDED\STDCLIB\memcmp.asm
                    jLoop   0x0116d8    program     static C:\MCC18\SRC\EXTENDED\STDCLIB\strcat.asm
                jNullLoop   0x011718    program     static C:\MCC18\SRC\EXTENDED\STDCLIB\scatp2r.asm
                jNullLoop   0x0116d2    program     static C:\MCC18\SRC\EXTENDED\STDCLIB\strcat.asm
                     loop   0x010130    program     static C:\MCC18\SRC\EXTENDED\MATH\div16u.asm
                     loop   0x010268    program     static C:\MCC18\SRC\EXTENDED\MATH\div32u.asm
                     loop   0x008034    program     static                          
                     main   0x00f9ec    program     extern C:\CBT\CBT-350 Development\Applications\Standard\AppMain.c
                   memcmp   0x01154a    program     extern C:\MCC18\SRC\EXTENDED\STDCLIB\memcmp.asm
            memcmppgm2ram   0x01159c    program     extern C:\MCC18\SRC\EXTENDED\STDCLIB\mcmpp2r.asm
                   memcpy   0x0115da    program     extern C:\MCC18\SRC\EXTENDED\STDCLIB\memcpy.asm
            memcpypgm2ram   0x011630    program     extern C:\MCC18\SRC\EXTENDED\STDCLIB\mcpyp2r.asm
                   memset   0x011676    program     extern C:\MCC18\SRC\EXTENDED\STDCLIB\memset.asm
                   strcat   0x0116aa    program     extern C:\MCC18\SRC\EXTENDED\STDCLIB\strcat.asm
            strcatpgm2ram   0x0116f2    program     extern C:\MCC18\SRC\EXTENDED\STDCLIB\scatp2r.asm
            strcmppgm2ram   0x01172a    program     extern C:\MCC18\SRC\EXTENDED\STDCLIB\scmpp2r.asm
            strcpypgm2ram   0x011756    program     extern C:\MCC18\SRC\EXTENDED\STDCLIB\scpyp2r.asm
                   strlen   0x011788    program     extern C:\MCC18\SRC\EXTENDED\STDCLIB\strlen.asm
                     test   0x0123f0    program     static                          
                   ADCON0   0x000fc2       data     extern C:\MCC18\src\extended\proc\p18f67j10.asm
               ADCON0bits   0x000fc2       data     extern C:\MCC18\src\extended\proc\p18f67j10.asm
                   ADCON1   0x000fc1       data     extern C:\MCC18\src\extended\proc\p18f67j10.asm
               ADCON1bits   0x000fc1       data     extern C:\MCC18\src\extended\proc\p18f67j10.asm
                   ADCON2   0x000fc0       data     extern C:\MCC18\src\extended\proc\p18f67j10.asm
               ADCON2bits   0x000fc0       data     extern C:\MCC18\src\extended\proc\p18f67j10.asm
                    ADRES   0x000fc3       data     extern C:\MCC18\src\extended\proc\p18f67j10.asm
                   ADRESH   0x000fc4       data     extern C:\MCC18\src\extended\proc\p18f67j10.asm
                   ADRESL   0x000fc3       data     extern C:\MCC18\src\extended\proc\p18f67j10.asm
                  AppData   0x000a01       data     extern C:\CBT\CBT-350 Development\Applications\Standard\AppData.c
             AppGlobalFlg   0x000a06       data     extern C:\CBT\CBT-350 Development\Applications\Standard\AppData.c
      BATTERY_INITIAL_REQ   0x000eee       data     extern C:\CBT\CBT-350 Development\Applications\Standard\AppBluetooth.c
       BATTERY_RESULT_REQ   0x000ef2       data     extern C:\CBT\CBT-350 Development\Applications\Standard\AppBluetooth.c
        BATTERY_START_REQ   0x000ef0       data     extern C:\CBT\CBT-350 Development\Applications\Standard\AppBluetooth.c
                  BAUDCON   0x000f7e       data     extern C:\MCC18\src\extended\proc\p18f67j10.asm
[...]
                 LATEbits   0x000f8d       data     extern C:\MCC18\src\extended\proc\p18f67j10.asm
                     LATE   0x000f8d       data     extern C:\MCC18\src\extended\proc\p18f67j10.asm
                     LATF   0x000f8e       data     extern C:\MCC18\src\extended\proc\p18f67j10.asm
                 LATFbits   0x000f8e       data     extern C:\MCC18\src\extended\proc\p18f67j10.asm
                 LATGbits   0x000f8f       data     extern C:\MCC18\src\extended\proc\p18f67j10.asm
                     LATG   0x000f8f       data     extern C:\MCC18\src\extended\proc\p18f67j10.asm
                 DDRAbits   0x000f92       data     extern C:\MCC18\src\extended\proc\p18f67j10.asm
                     DDRA   0x000f92       data     extern C:\MCC18\src\extended\proc\p18f67j10.asm
                    TRISA   0x000f92       data     extern C:\MCC18\src\extended\proc\p18f67j10.asm
                TRISAbits   0x000f92       data     extern C:\MCC18\src\extended\proc\p18f67j10.asm
                    TRISB   0x000f93       data     extern C:\MCC18\src\extended\proc\p18f67j10.asm
                TRISBbits   0x000f93       data     extern C:\MCC18\src\extended\proc\p18f67j10.asm
                     DDRB   0x000f93       data     extern C:\MCC18\src\extended\proc\p18f67j10.asm
                 DDRBbits   0x000f93       data     extern C:\MCC18\src\extended\proc\p18f67j10.asm
                    TRISC   0x000f94       data     extern C:\MCC18\src\extended\proc\p18f67j10.asm
                TRISCbits   0x000f94       data     extern C:\MCC18\src\extended\proc\p18f67j10.asm
                     DDRC   0x000f94       data     extern C:\MCC18\src\extended\proc\p18f67j10.asm
                 DDRCbits   0x000f94       data     extern C:\MCC18\src\extended\proc\p18f67j10.asm
                     DDRD   0x000f95       data     extern C:\MCC18\src\extended\proc\p18f67j10.asm
                 DDRDbits   0x000f95       data     extern C:\MCC18\src\extended\proc\p18f67j10.asm
                TRISDbits   0x000f95       data     extern C:\MCC18\src\extended\proc\p18f67j10.asm
                    TRISD   0x000f95       data     extern C:\MCC18\src\extended\proc\p18f67j10.asm
                TRISEbits   0x000f96       data     extern C:\MCC18\src\extended\proc\p18f67j10.asm
                    TRISE   0x000f96       data     extern C:\MCC18\src\extended\proc\p18f67j10.asm
                     DDRE   0x000f96       data     extern C:\MCC18\src\extended\proc\p18f67j10.asm
                 DDREbits   0x000f96       data     extern C:\MCC18\src\extended\proc\p18f67j10.asm
                TRISFbits   0x000f97       data     extern C:\MCC18\src\extended\proc\p18f67j10.asm
                    TRISF   0x000f97       data     extern C:\MCC18\src\extended\proc\p18f67j10.asm
                 DDRFbits   0x000f97       data     extern C:\MCC18\src\extended\proc\p18f67j10.asm
                     DDRF   0x000f97       data     extern C:\MCC18\src\extended\proc\p18f67j10.asm
                    TRISG   0x000f98       data     extern C:\MCC18\src\extended\proc\p18f67j10.asm
                TRISGbits   0x000f98       data     extern C:\MCC18\src\extended\proc\p18f67j10.asm
                 DDRGbits   0x000f98       data     extern C:\MCC18\src\extended\proc\p18f67j10.asm
                     DDRG   0x000f98       data     extern C:\MCC18\src\extended\proc\p18f67j10.asm
                  OSCTUNE   0x000f9b       data     extern C:\MCC18\src\extended\proc\p18f67j10.asm
              OSCTUNEbits   0x000f9b       data     extern C:\MCC18\src\extended\proc\p18f67j10.asm
                     PIE1   0x000f9d       data     extern C:\MCC18\src\extended\proc\p18f67j10.asm
                 PIE1bits   0x000f9d       data     extern C:\MCC18\src\extended\proc\p18f67j10.asm
                     PIR1   0x000f9e       data     extern C:\MCC18\src\extended\proc\p18f67j10.asm
                 PIR1bits   0x000f9e       data     extern C:\MCC18\src\extended\proc\p18f67j10.asm
                 IPR1bits   0x000f9f       data     extern C:\MCC18\src\extended\proc\p18f67j10.asm
                     IPR1   0x000f9f       data     extern C:\MCC18\src\extended\proc\p18f67j10.asm
                 PIE2bits   0x000fa0       data     extern C:\MCC18\src\extended\proc\p18f67j10.asm
                     PIE2   0x000fa0       data     extern C:\MCC18\src\extended\proc\p18f67j10.asm
                     PIR2   0x000fa1       data     extern C:\MCC18\src\extended\proc\p18f67j10.asm
                 PIR2bits   0x000fa1       data     extern C:\MCC18\src\extended\proc\p18f67j10.asm
                 IPR2bits   0x000fa2       data     extern C:\MCC18\src\extended\proc\p18f67j10.asm
                     IPR2   0x000fa2       data     extern C:\MCC18\src\extended\proc\p18f67j10.asm
                 PIE3bits   0x000fa3       data     extern C:\MCC18\src\extended\proc\p18f67j10.asm
                     PIE3   0x000fa3       data     extern C:\MCC18\src\extended\proc\p18f67j10.asm
                 PIR3bits   0x000fa4       data     extern C:\MCC18\src\extended\proc\p18f67j10.asm
                     PIR3   0x000fa4       data     extern C:\MCC18\src\extended\proc\p18f67j10.asm
                     IPR3   0x000fa5       data     extern C:\MCC18\src\extended\proc\p18f67j10.asm
                 IPR3bits   0x000fa5       data     extern C:\MCC18\src\extended\proc\p18f67j10.asm
               EECON1bits   0x000fa6       data     extern C:\MCC18\src\extended\proc\p18f67j10.asm
                   EECON1   0x000fa6       data     extern C:\MCC18\src\extended\proc\p18f67j10.asm
                   EECON2   0x000fa7       data     extern C:\MCC18\src\extended\proc\p18f67j10.asm
                RCSTAbits   0x000fab       data     extern C:\MCC18\src\extended\proc\p18f67j10.asm
               RCSTA1bits   0x000fab       data     extern C:\MCC18\src\extended\proc\p18f67j10.asm
                   RCSTA1   0x000fab       data     extern C:\MCC18\src\extended\proc\p18f67j10.asm
                    RCSTA   0x000fab       data     extern C:\MCC18\src\extended\proc\p18f67j10.asm
                    TXSTA   0x000fac       data     extern C:\MCC18\src\extended\proc\p18f67j10.asm
                TXSTAbits   0x000fac       data     extern C:\MCC18\src\extended\proc\p18f67j10.asm
               TXSTA1bits   0x000fac       data     extern C:\MCC18\src\extended\proc\p18f67j10.asm
                   TXSTA1   0x000fac       data     extern C:\MCC18\src\extended\proc\p18f67j10.asm
                   TXREG1   0x000fad       data     extern C:\MCC18\src\extended\proc\p18f67j10.asm
                    TXREG   0x000fad       data     extern C:\MCC18\src\extended\proc\p18f67j10.asm
                   RCREG1   0x000fae       data     extern C:\MCC18\src\extended\proc\p18f67j10.asm
                    RCREG   0x000fae       data     extern C:\MCC18\src\extended\proc\p18f67j10.asm
                   SPBRG1   0x000faf       data     extern C:\MCC18\src\extended\proc\p18f67j10.asm
                    SPBRG   0x000faf       data     extern C:\MCC18\src\extended\proc\p18f67j10.asm
                   PSPCON   0x000fb0       data     extern C:\MCC18\src\extended\proc\p18f67j10.asm
               PSPCONbits   0x000fb0       data     extern C:\MCC18\src\extended\proc\p18f67j10.asm
                T3CONbits   0x000fb1       data     extern C:\MCC18\src\extended\proc\p18f67j10.asm
                    T3CON   0x000fb1       data     extern C:\MCC18\src\extended\proc\p18f67j10.asm
                    TMR3L   0x000fb2       data     extern C:\MCC18\src\extended\proc\p18f67j10.asm
                    TMR3H   0x000fb3       data     extern C:\MCC18\src\extended\proc\p18f67j10.asm
                CMCONbits   0x000fb4       data     extern C:\MCC18\src\extended\proc\p18f67j10.asm
                    CMCON   0x000fb4       data     extern C:\MCC18\src\extended\proc\p18f67j10.asm
                   CVRCON   0x000fb5       data     extern C:\MCC18\src\extended\proc\p18f67j10.asm
               CVRCONbits   0x000fb5       data     extern C:\MCC18\src\extended\proc\p18f67j10.asm
              ECCP1ASbits   0x000fb6       data     extern C:\MCC18\src\extended\proc\p18f67j10.asm
                  ECCP1AS   0x000fb6       data     extern C:\MCC18\src\extended\proc\p18f67j10.asm
             ECCP3CONbits   0x000fb7       data     extern C:\MCC18\src\extended\proc\p18f67j10.asm
                 ECCP3CON   0x000fb7       data     extern C:\MCC18\src\extended\proc\p18f67j10.asm
              CCP3CONbits   0x000fb7       data     extern C:\MCC18\src\extended\proc\p18f67j10.asm
                  CCP3CON   0x000fb7       data     extern C:\MCC18\src\extended\proc\p18f67j10.asm
                   CCPR3L   0x000fb8       data     extern C:\MCC18\src\extended\proc\p18f67j10.asm
                    CCPR3   0x000fb8       data     extern C:\MCC18\src\extended\proc\p18f67j10.asm
                   CCPR3H   0x000fb9       data     extern C:\MCC18\src\extended\proc\p18f67j10.asm
             ECCP2CONbits   0x000fba       data     extern C:\MCC18\src\extended\proc\p18f67j10.asm
                 ECCP2CON   0x000fba       data     extern C:\MCC18\src\extended\proc\p18f67j10.asm
              CCP2CONbits   0x000fba       data     extern C:\MCC18\src\extended\proc\p18f67j10.asm
                  CCP2CON   0x000fba       data     extern C:\MCC18\src\extended\proc\p18f67j10.asm
                   CCPR2L   0x000fbb       data     extern C:\MCC18\src\extended\proc\p18f67j10.asm
                    CCPR2   0x000fbb       data     extern C:\MCC18\src\extended\proc\p18f67j10.asm
                   CCPR2H   0x000fbc       data     extern C:\MCC18\src\extended\proc\p18f67j10.asm
              CCP1CONbits   0x000fbd       data     extern C:\MCC18\src\extended\proc\p18f67j10.asm
                  CCP1CON   0x000fbd       data     extern C:\MCC18\src\extended\proc\p18f67j10.asm
                 ECCP1CON   0x000fbd       data     extern C:\MCC18\src\extended\proc\p18f67j10.asm
             ECCP1CONbits   0x000fbd       data     extern C:\MCC18\src\extended\proc\p18f67j10.asm
                    CCPR1   0x000fbe       data     extern C:\MCC18\src\extended\proc\p18f67j10.asm
                   CCPR1L   0x000fbe       data     extern C:\MCC18\src\extended\proc\p18f67j10.asm
                   CCPR1H   0x000fbf       data     extern C:\MCC18\src\extended\proc\p18f67j10.asm
                   ADCON2   0x000fc0       data     extern C:\MCC18\src\extended\proc\p18f67j10.asm
               ADCON2bits   0x000fc0       data     extern C:\MCC18\src\extended\proc\p18f67j10.asm
               ADCON1bits   0x000fc1       data     extern C:\MCC18\src\extended\proc\p18f67j10.asm
                   ADCON1   0x000fc1       data     extern C:\MCC18\src\extended\proc\p18f67j10.asm
                   ADCON0   0x000fc2       data     extern C:\MCC18\src\extended\proc\p18f67j10.asm
               ADCON0bits   0x000fc2       data     extern C:\MCC18\src\extended\proc\p18f67j10.asm
                    ADRES   0x000fc3       data     extern C:\MCC18\src\extended\proc\p18f67j10.asm
                   ADRESL   0x000fc3       data     extern C:\MCC18\src\extended\proc\p18f67j10.asm
                   ADRESH   0x000fc4       data     extern C:\MCC18\src\extended\proc\p18f67j10.asm
              SSPCON2bits   0x000fc5       data     extern C:\MCC18\src\extended\proc\p18f67j10.asm
                  SSPCON2   0x000fc5       data     extern C:\MCC18\src\extended\proc\p18f67j10.asm
                 SSP1CON2   0x000fc5       data     extern C:\MCC18\src\extended\proc\p18f67j10.asm
             SSP1CON2bits   0x000fc5       data     extern C:\MCC18\src\extended\proc\p18f67j10.asm
              SSPCON1bits   0x000fc6       data     extern C:\MCC18\src\extended\proc\p18f67j10.asm
                  SSPCON1   0x000fc6       data     extern C:\MCC18\src\extended\proc\p18f67j10.asm
                 SSP1CON1   0x000fc6       data     extern C:\MCC18\src\extended\proc\p18f67j10.asm
             SSP1CON1bits   0x000fc6       data     extern C:\MCC18\src\extended\proc\p18f67j10.asm
                 SSP1STAT   0x000fc7       data     extern C:\MCC18\src\extended\proc\p18f67j10.asm
             SSP1STATbits   0x000fc7       data     extern C:\MCC18\src\extended\proc\p18f67j10.asm
                  SSPSTAT   0x000fc7       data     extern C:\MCC18\src\extended\proc\p18f67j10.asm
              SSPSTATbits   0x000fc7       data     extern C:\MCC18\src\extended\proc\p18f67j10.asm
                   SSPADD   0x000fc8       data     extern C:\MCC18\src\extended\proc\p18f67j10.asm
                  SSP1ADD   0x000fc8       data     extern C:\MCC18\src\extended\proc\p18f67j10.asm
                   SSPBUF   0x000fc9       data     extern C:\MCC18\src\extended\proc\p18f67j10.asm
                  SSP1BUF   0x000fc9       data     extern C:\MCC18\src\extended\proc\p18f67j10.asm
                    T2CON   0x000fca       data     extern C:\MCC18\src\extended\proc\p18f67j10.asm
                T2CONbits   0x000fca       data     extern C:\MCC18\src\extended\proc\p18f67j10.asm
                      PR2   0x000fcb       data     extern C:\MCC18\src\extended\proc\p18f67j10.asm
                     TMR2   0x000fcc       data     extern C:\MCC18\src\extended\proc\p18f67j10.asm
                T1CONbits   0x000fcd       data     extern C:\MCC18\src\extended\proc\p18f67j10.asm
                    T1CON   0x000fcd       data     extern C:\MCC18\src\extended\proc\p18f67j10.asm
                    TMR1L   0x000fce       data     extern C:\MCC18\src\extended\proc\p18f67j10.asm
                    TMR1H   0x000fcf       data     extern C:\MCC18\src\extended\proc\p18f67j10.asm
                     RCON   0x000fd0       data     extern C:\MCC18\src\extended\proc\p18f67j10.asm
                 RCONbits   0x000fd0       data     extern C:\MCC18\src\extended\proc\p18f67j10.asm
                   WDTCON   0x000fd1       data     extern C:\MCC18\src\extended\proc\p18f67j10.asm
               WDTCONbits   0x000fd1       data     extern C:\MCC18\src\extended\proc\p18f67j10.asm
               OSCCONbits   0x000fd3       data     extern C:\MCC18\src\extended\proc\p18f67j10.asm
                   OSCCON   0x000fd3       data     extern C:\MCC18\src\extended\proc\p18f67j10.asm
                T0CONbits   0x000fd5       data     extern C:\MCC18\src\extended\proc\p18f67j10.asm
                    T0CON   0x000fd5       data     extern C:\MCC18\src\extended\proc\p18f67j10.asm
                    TMR0L   0x000fd6       data     extern C:\MCC18\src\extended\proc\p18f67j10.asm
                    TMR0H   0x000fd7       data     extern C:\MCC18\src\extended\proc\p18f67j10.asm
               STATUSbits   0x000fd8       data     extern C:\MCC18\src\extended\proc\p18f67j10.asm
                   STATUS   0x000fd8       data     extern C:\MCC18\src\extended\proc\p18f67j10.asm
                    FSR2L   0x000fd9       data     extern C:\MCC18\src\extended\proc\p18f67j10.asm
                     FSR2   0x000fd9       data     extern C:\MCC18\src\extended\proc\p18f67j10.asm
                    FSR2H   0x000fda       data     extern C:\MCC18\src\extended\proc\p18f67j10.asm
                   PLUSW2   0x000fdb       data     extern C:\MCC18\src\extended\proc\p18f67j10.asm
                  PREINC2   0x000fdc       data     extern C:\MCC18\src\extended\proc\p18f67j10.asm
                 POSTDEC2   0x000fdd       data     extern C:\MCC18\src\extended\proc\p18f67j10.asm
                 POSTINC2   0x000fde       data     extern C:\MCC18\src\extended\proc\p18f67j10.asm
                    INDF2   0x000fdf       data     extern C:\MCC18\src\extended\proc\p18f67j10.asm
                      BSR   0x000fe0       data     extern C:\MCC18\src\extended\proc\p18f67j10.asm
                    FSR1L   0x000fe1       data     extern C:\MCC18\src\extended\proc\p18f67j10.asm
                     FSR1   0x000fe1       data     extern C:\MCC18\src\extended\proc\p18f67j10.asm
                    FSR1H   0x000fe2       data     extern C:\MCC18\src\extended\proc\p18f67j10.asm
                   PLUSW1   0x000fe3       data     extern C:\MCC18\src\extended\proc\p18f67j10.asm
                  PREINC1   0x000fe4       data     extern C:\MCC18\src\extended\proc\p18f67j10.asm
                 POSTDEC1   0x000fe5       data     extern C:\MCC18\src\extended\proc\p18f67j10.asm
                 POSTINC1   0x000fe6       data     extern C:\MCC18\src\extended\proc\p18f67j10.asm
                    INDF1   0x000fe7       data     extern C:\MCC18\src\extended\proc\p18f67j10.asm
                     WREG   0x000fe8       data     extern C:\MCC18\src\extended\proc\p18f67j10.asm
                    FSR0L   0x000fe9       data     extern C:\MCC18\src\extended\proc\p18f67j10.asm
                     FSR0   0x000fe9       data     extern C:\MCC18\src\extended\proc\p18f67j10.asm
                    FSR0H   0x000fea       data     extern C:\MCC18\src\extended\proc\p18f67j10.asm
                   PLUSW0   0x000feb       data     extern C:\MCC18\src\extended\proc\p18f67j10.asm
                  PREINC0   0x000fec       data     extern C:\MCC18\src\extended\proc\p18f67j10.asm
                 POSTDEC0   0x000fed       data     extern C:\MCC18\src\extended\proc\p18f67j10.asm
                 POSTINC0   0x000fee       data     extern C:\MCC18\src\extended\proc\p18f67j10.asm
                    INDF0   0x000fef       data     extern C:\MCC18\src\extended\proc\p18f67j10.asm
                  INTCON3   0x000ff0       data     extern C:\MCC18\src\extended\proc\p18f67j10.asm
              INTCON3bits   0x000ff0       data     extern C:\MCC18\src\extended\proc\p18f67j10.asm
              INTCON2bits   0x000ff1       data     extern C:\MCC18\src\extended\proc\p18f67j10.asm
                  INTCON2   0x000ff1       data     extern C:\MCC18\src\extended\proc\p18f67j10.asm
               INTCONbits   0x000ff2       data     extern C:\MCC18\src\extended\proc\p18f67j10.asm
                   INTCON   0x000ff2       data     extern C:\MCC18\src\extended\proc\p18f67j10.asm
                    PRODL   0x000ff3       data     extern C:\MCC18\src\extended\proc\p18f67j10.asm
                     PROD   0x000ff3       data     extern C:\MCC18\src\extended\proc\p18f67j10.asm
                    PRODH   0x000ff4       data     extern C:\MCC18\src\extended\proc\p18f67j10.asm
                   TABLAT   0x000ff5       data     extern C:\MCC18\src\extended\proc\p18f67j10.asm
                   TBLPTR   0x000ff6       data     extern C:\MCC18\src\extended\proc\p18f67j10.asm
                  TBLPTRL   0x000ff6       data     extern C:\MCC18\src\extended\proc\p18f67j10.asm
                  TBLPTRH   0x000ff7       data     extern C:\MCC18\src\extended\proc\p18f67j10.asm
                  TBLPTRU   0x000ff8       data     extern C:\MCC18\src\extended\proc\p18f67j10.asm
                      PCL   0x000ff9       data     extern C:\MCC18\src\extended\proc\p18f67j10.asm
                       PC   0x000ff9       data     extern C:\MCC18\src\extended\proc\p18f67j10.asm
                   PCLATH   0x000ffa       data     extern C:\MCC18\src\extended\proc\p18f67j10.asm
                   PCLATU   0x000ffb       data     extern C:\MCC18\src\extended\proc\p18f67j10.asm
                   STKPTR   0x000ffc       data     extern C:\MCC18\src\extended\proc\p18f67j10.asm
               STKPTRbits   0x000ffc       data     extern C:\MCC18\src\extended\proc\p18f67j10.asm
                     TOSL   0x000ffd       data     extern C:\MCC18\src\extended\proc\p18f67j10.asm
                      TOS   0x000ffd       data     extern C:\MCC18\src\extended\proc\p18f67j10.asm
                     TOSH   0x000ffe       data     extern C:\MCC18\src\extended\proc\p18f67j10.asm
                     TOSU   0x000fff       data     extern C:\MCC18\src\extended\proc\p18f67j10.asm


